postgres:5432 available
Setting JAVA property to /usr/lib/jvm/java-17-openjdk/bin/java
Java version is 17.0.20
JAVA_OPTS: -XX:MaxRAMPercentage=70.0
REST API enabled
WebApps enabled
Invoice Example included - needs to be enabled in application configuration as well
classpath: /operaton/internal/webapps/,/operaton/internal/rest/,/operaton/internal/example,/operaton/configuration/userlib/,/operaton/configuration/keystore/

     _/_/                                              _/
  _/    _/  _/_/_/      _/_/    _/  _/_/    _/_/_/  _/_/_/_/    _/_/    _/_/_/
 _/    _/  _/    _/  _/_/_/_/  _/_/      _/    _/    _/      _/    _/  _/    _/
_/    _/  _/    _/  _/        _/        _/    _/    _/      _/    _/  _/    _/
 _/_/    _/_/_/      _/_/_/  _/          _/_/_/      _/_/    _/_/    _/    _/
        _/
       _/

  Spring-Boot:  (v4.0.8)
  Operaton: (v2.1.4)

2026-08-25T20:07:54.576Z  INFO 58 --- [           main] org.operaton.bpm.run.OperatonApp         : Starting OperatonApp v2.1.4 using Java 17.0.20 with PID 58 (/operaton/internal/operaton-bpm.jar started by operaton in /operaton)
2026-08-25T20:07:54.633Z  INFO 58 --- [           main] org.operaton.bpm.run.OperatonApp         : No active profile set, falling back to 1 default profile: "default"
2026-08-25T20:08:02.049Z  INFO 58 --- [           main] o.s.boot.tomcat.TomcatWebServer          : Tomcat initialized with port 8080 (http)
2026-08-25T20:08:02.100Z  INFO 58 --- [           main] o.apache.catalina.core.StandardService   : Starting service [Tomcat]
2026-08-25T20:08:02.101Z  INFO 58 --- [           main] o.apache.catalina.core.StandardEngine    : Starting Servlet engine: [Apache Tomcat/11.0.25]
2026-08-25T20:08:02.213Z  INFO 58 --- [           main] b.w.c.s.WebApplicationContextInitializer : Root WebApplicationContext: initialization completed in 6147 ms
2026-08-25T20:08:02.340Z  INFO 58 --- [           main] o.b.s.b.s.r.OperatonJerseyResourceConfig : Configuring operaton rest api.
2026-08-25T20:08:02.449Z  INFO 58 --- [           main] o.b.s.b.s.r.OperatonJerseyResourceConfig : Finished configuring operaton rest api.
2026-08-25T20:08:03.904Z  INFO 58 --- [           main] org.operaton.bpm.spring.boot             : STARTER-SB040 Setting up jobExecutor with corePoolSize=3, maxPoolSize:10
2026-08-25T20:08:04.077Z  INFO 58 --- [           main] org.operaton.bpm.engine.cfg              : ENGINE-12003 Plugin 'CompositeProcessEnginePlugin[genericPropertiesConfiguration, operatonDeploymentConfiguration, operatonProcessEngineConfiguration, operatonDatasourceConfiguration, operatonJobConfiguration, operatonHistoryConfiguration, operatonMetricsConfiguration, operatonAuthorizationConfiguration, createAdminUserConfiguration, failedJobConfiguration, CreateFilterConfiguration[filterName=All tasks], eventPublisherPlugin, ApplicationContextClassloaderSwitchPlugin, ConnectProcessEnginePlugin, SpringBootSpinProcessEnginePlugin]' activated on process engine 'default'
2026-08-25T20:08:04.085Z  INFO 58 --- [           main] org.operaton.bpm.spring.boot             : STARTER-SB021 Auto-Deploying resources: []
2026-08-25T20:08:04.090Z  INFO 58 --- [           main] o.o.b.s.b.s.event.EventPublisherPlugin   : EVENTING-001: Initialized Operaton Spring Boot Eventing Engine Plugin.
2026-08-25T20:08:04.091Z  INFO 58 --- [           main] o.o.b.s.b.s.event.EventPublisherPlugin   : EVENTING-003: Task events will be published as Spring Events.
2026-08-25T20:08:04.091Z  INFO 58 --- [           main] o.o.b.s.b.s.event.EventPublisherPlugin   : EVENTING-005: Execution events will be published as Spring Events.
2026-08-25T20:08:04.092Z  INFO 58 --- [           main] o.o.b.s.b.s.event.EventPublisherPlugin   : EVENTING-009: Listeners will not be invoked if a skipCustomListeners API parameter is set to true by user.
2026-08-25T20:08:04.103Z  INFO 58 --- [           main] o.o.b.s.b.s.event.EventPublisherPlugin   : EVENTING-007: History events will be published as Spring events.
2026-08-25T20:08:04.117Z  INFO 58 --- [           main] org.operaton.spin                        : SPIN-01010 Discovered Spin data format provider: org.operaton.spin.impl.json.jackson.format.JacksonJsonDataFormatProvider[name = application/json]
2026-08-25T20:08:04.646Z  INFO 58 --- [           main] org.operaton.spin                        : SPIN-01010 Discovered Spin data format provider: org.operaton.spin.impl.xml.dom.format.DomXmlDataFormatProvider[name = application/xml]
2026-08-25T20:08:05.088Z  INFO 58 --- [           main] org.operaton.spin                        : SPIN-01009 Discovered Spin data format: org.operaton.spin.impl.xml.dom.format.DomXmlDataFormat[name = application/xml]
2026-08-25T20:08:05.089Z  INFO 58 --- [           main] org.operaton.spin                        : SPIN-01009 Discovered Spin data format: org.operaton.spin.impl.json.jackson.format.JacksonJsonDataFormat[name = application/json]
2026-08-25T20:08:05.516Z  INFO 58 --- [           main] org.operaton.bpm.dmn.feel.scala          : FEEL/SCALA-01001 Spin value mapper detected
2026-08-25T20:08:06.330Z  INFO 58 --- [           main] com.zaxxer.hikari.HikariDataSource       : HikariPool-1 - Starting...
2026-08-25T20:08:06.810Z  INFO 58 --- [           main] com.zaxxer.hikari.pool.HikariPool        : HikariPool-1 - Added connection org.postgresql.jdbc.PgConnection@1b6683c4
2026-08-25T20:08:06.821Z  INFO 58 --- [           main] com.zaxxer.hikari.HikariDataSource       : HikariPool-1 - Start completed.
2026-08-25T20:08:14.957Z  INFO 58 --- [           main] org.operaton.bpm.engine.persistence      : ENGINE-03016 Performing database operation 'create' on component 'engine' with resource 'org/operaton/bpm/engine/db/create/activiti.postgres.create.engine.sql'
2026-08-25T20:08:15.165Z  INFO 58 --- [           main] org.operaton.bpm.engine.persistence      : ENGINE-03016 Performing database operation 'create' on component 'history' with resource 'org/operaton/bpm/engine/db/create/activiti.postgres.create.history.sql'
2026-08-25T20:08:15.209Z  INFO 58 --- [           main] org.operaton.bpm.engine.persistence      : ENGINE-03016 Performing database operation 'create' on component 'identity' with resource 'org/operaton/bpm/engine/db/create/activiti.postgres.create.identity.sql'
2026-08-25T20:08:15.261Z  INFO 58 --- [           main] org.operaton.bpm.engine.persistence      : ENGINE-03016 Performing database operation 'create' on component 'case.engine' with resource 'org/operaton/bpm/engine/db/create/activiti.postgres.create.case.engine.sql'
2026-08-25T20:08:15.295Z  INFO 58 --- [           main] org.operaton.bpm.engine.persistence      : ENGINE-03016 Performing database operation 'create' on component 'case.history' with resource 'org/operaton/bpm/engine/db/create/activiti.postgres.create.case.history.sql'
2026-08-25T20:08:15.324Z  INFO 58 --- [           main] org.operaton.bpm.engine.persistence      : ENGINE-03016 Performing database operation 'create' on component 'decision.engine' with resource 'org/operaton/bpm/engine/db/create/activiti.postgres.create.decision.engine.sql'
2026-08-25T20:08:15.367Z  INFO 58 --- [           main] org.operaton.bpm.engine.persistence      : ENGINE-03016 Performing database operation 'create' on component 'decision.history' with resource 'org/operaton/bpm/engine/db/create/activiti.postgres.create.decision.history.sql'
2026-08-25T20:08:15.569Z  INFO 58 --- [           main] org.operaton.bpm.engine.persistence      : ENGINE-03067 No history level property found in database
2026-08-25T20:08:15.580Z  INFO 58 --- [           main] org.operaton.bpm.engine.persistence      : ENGINE-03065 Creating historyLevel property in database for level: HistoryLevelFull(name=full, id=3)
2026-08-25T20:08:15.805Z  INFO 58 --- [           main] org.operaton.bpm.engine                  : ENGINE-00001 Process Engine default created.
2026-08-25T20:08:17.074Z  INFO 58 --- [           main] org.operaton.bpm.spring.boot             : STARTER-SB015 Create initial filter: id=b5d38896-a0c0-11f1-ac69-eae1f9f21007 name=All tasks
2026-08-25T20:08:19.064Z  INFO 58 --- [           main] o.o.b.s.b.s.w.f.LazyInitRegistration     : lazy initialized org.operaton.bpm.spring.boot.starter.webapp.filter.LazyProcessEnginesFilter@144a5e6e
2026-08-25T20:08:19.292Z  INFO 58 --- [           main] o.o.b.s.b.s.w.f.LazyInitRegistration     : lazy initialized org.operaton.bpm.spring.boot.starter.webapp.filter.LazySecurityFilter@5635bcd2
2026-08-25T20:08:21.577Z  INFO 58 --- [           main] o.s.b.a.e.web.EndpointLinksResolver      : Exposing 1 endpoint beneath base path '/actuator'
2026-08-25T20:08:21.790Z  INFO 58 --- [           main] o.s.boot.tomcat.TomcatWebServer          : Tomcat started on port 8080 (http) with context path '/'
2026-08-25T20:08:21.821Z  INFO 58 --- [           main] org.operaton.bpm.run.OperatonApp         : Started OperatonApp in 29.156 seconds (process running for 32.431)
2026-08-25T20:08:21.925Z  INFO 58 --- [           main] org.operaton.bpm.engine.jobexecutor      : ENGINE-14014 Starting up the JobExecutor[org.operaton.bpm.engine.spring.components.jobexecutor.SpringJobExecutor].
2026-08-25T20:08:21.930Z  INFO 58 --- [ingJobExecutor]] org.operaton.bpm.engine.jobexecutor      : ENGINE-14018 JobExecutor[org.operaton.bpm.engine.spring.components.jobexecutor.SpringJobExecutor] starting to acquire jobs
postgres:5432 available
Setting JAVA property to /usr/lib/jvm/java-17-openjdk/bin/java
Java version is 17.0.20
JAVA_OPTS: -XX:MaxRAMPercentage=70.0
REST API enabled
WebApps enabled
Invoice Example included - needs to be enabled in application configuration as well
classpath: /operaton/internal/webapps/,/operaton/internal/rest/,/operaton/internal/example,/operaton/configuration/userlib/,/operaton/configuration/keystore/

     _/_/                                              _/
  _/    _/  _/_/_/      _/_/    _/  _/_/    _/_/_/  _/_/_/_/    _/_/    _/_/_/
 _/    _/  _/    _/  _/_/_/_/  _/_/      _/    _/    _/      _/    _/  _/    _/
_/    _/  _/    _/  _/        _/        _/    _/    _/      _/    _/  _/    _/
 _/_/    _/_/_/      _/_/_/  _/          _/_/_/      _/_/    _/_/    _/    _/
        _/
       _/

  Spring-Boot:  (v4.0.8)
  Operaton: (v2.1.4)

2026-08-25T20:11:27.224Z  INFO 57 --- [           main] org.operaton.bpm.run.OperatonApp         : Starting OperatonApp v2.1.4 using Java 17.0.20 with PID 57 (/operaton/internal/operaton-bpm.jar started by operaton in /operaton)
2026-08-25T20:11:27.250Z  INFO 57 --- [           main] org.operaton.bpm.run.OperatonApp         : No active profile set, falling back to 1 default profile: "default"
2026-08-25T20:11:34.487Z  INFO 57 --- [           main] o.s.boot.tomcat.TomcatWebServer          : Tomcat initialized with port 8080 (http)
2026-08-25T20:11:34.527Z  INFO 57 --- [           main] o.apache.catalina.core.StandardService   : Starting service [Tomcat]
2026-08-25T20:11:34.528Z  INFO 57 --- [           main] o.apache.catalina.core.StandardEngine    : Starting Servlet engine: [Apache Tomcat/11.0.25]
2026-08-25T20:11:34.700Z  INFO 57 --- [           main] b.w.c.s.WebApplicationContextInitializer : Root WebApplicationContext: initialization completed in 6234 ms
2026-08-25T20:11:34.920Z  INFO 57 --- [           main] o.b.s.b.s.r.OperatonJerseyResourceConfig : Configuring operaton rest api.
2026-08-25T20:11:35.054Z  INFO 57 --- [           main] o.b.s.b.s.r.OperatonJerseyResourceConfig : Finished configuring operaton rest api.
2026-08-25T20:11:36.447Z  INFO 57 --- [           main] org.operaton.bpm.spring.boot             : STARTER-SB040 Setting up jobExecutor with corePoolSize=3, maxPoolSize:10
2026-08-25T20:11:36.597Z  INFO 57 --- [           main] org.operaton.bpm.engine.cfg              : ENGINE-12003 Plugin 'CompositeProcessEnginePlugin[genericPropertiesConfiguration, operatonDeploymentConfiguration, operatonProcessEngineConfiguration, operatonDatasourceConfiguration, operatonJobConfiguration, operatonHistoryConfiguration, operatonMetricsConfiguration, operatonAuthorizationConfiguration, createAdminUserConfiguration, failedJobConfiguration, CreateFilterConfiguration[filterName=All tasks], eventPublisherPlugin, ApplicationContextClassloaderSwitchPlugin, ConnectProcessEnginePlugin, SpringBootSpinProcessEnginePlugin]' activated on process engine 'default'
2026-08-25T20:11:36.605Z  INFO 57 --- [           main] org.operaton.bpm.spring.boot             : STARTER-SB021 Auto-Deploying resources: []
2026-08-25T20:11:36.610Z  INFO 57 --- [           main] o.o.b.s.b.s.event.EventPublisherPlugin   : EVENTING-001: Initialized Operaton Spring Boot Eventing Engine Plugin.
2026-08-25T20:11:36.611Z  INFO 57 --- [           main] o.o.b.s.b.s.event.EventPublisherPlugin   : EVENTING-003: Task events will be published as Spring Events.
2026-08-25T20:11:36.611Z  INFO 57 --- [           main] o.o.b.s.b.s.event.EventPublisherPlugin   : EVENTING-005: Execution events will be published as Spring Events.
2026-08-25T20:11:36.611Z  INFO 57 --- [           main] o.o.b.s.b.s.event.EventPublisherPlugin   : EVENTING-009: Listeners will not be invoked if a skipCustomListeners API parameter is set to true by user.
2026-08-25T20:11:36.625Z  INFO 57 --- [           main] o.o.b.s.b.s.event.EventPublisherPlugin   : EVENTING-007: History events will be published as Spring events.
2026-08-25T20:11:36.642Z  INFO 57 --- [           main] org.operaton.spin                        : SPIN-01010 Discovered Spin data format provider: org.operaton.spin.impl.json.jackson.format.JacksonJsonDataFormatProvider[name = application/json]
2026-08-25T20:11:37.118Z  INFO 57 --- [           main] org.operaton.spin                        : SPIN-01010 Discovered Spin data format provider: org.operaton.spin.impl.xml.dom.format.DomXmlDataFormatProvider[name = application/xml]
2026-08-25T20:11:37.370Z  INFO 57 --- [           main] org.operaton.spin                        : SPIN-01009 Discovered Spin data format: org.operaton.spin.impl.xml.dom.format.DomXmlDataFormat[name = application/xml]
2026-08-25T20:11:37.371Z  INFO 57 --- [           main] org.operaton.spin                        : SPIN-01009 Discovered Spin data format: org.operaton.spin.impl.json.jackson.format.JacksonJsonDataFormat[name = application/json]
2026-08-25T20:11:37.915Z  INFO 57 --- [           main] org.operaton.bpm.dmn.feel.scala          : FEEL/SCALA-01001 Spin value mapper detected
2026-08-25T20:11:38.892Z  INFO 57 --- [           main] com.zaxxer.hikari.HikariDataSource       : HikariPool-1 - Starting...
2026-08-25T20:11:39.376Z  INFO 57 --- [           main] com.zaxxer.hikari.pool.HikariPool        : HikariPool-1 - Added connection org.postgresql.jdbc.PgConnection@34d5eac
2026-08-25T20:11:39.384Z  INFO 57 --- [           main] com.zaxxer.hikari.HikariDataSource       : HikariPool-1 - Start completed.
2026-08-25T20:11:47.503Z  INFO 57 --- [           main] org.operaton.bpm.engine                  : ENGINE-00001 Process Engine default created.
2026-08-25T20:11:47.589Z  INFO 57 --- [           main] org.operaton.bpm.spring.boot             : STARTER-SB016 Skip initial filter creation, the filter with this name already exists: All tasks
2026-08-25T20:11:48.449Z  INFO 57 --- [           main] o.o.b.s.b.s.w.f.LazyInitRegistration     : lazy initialized org.operaton.bpm.spring.boot.starter.webapp.filter.LazyProcessEnginesFilter@2707c790
2026-08-25T20:11:48.560Z  INFO 57 --- [           main] o.o.b.s.b.s.w.f.LazyInitRegistration     : lazy initialized org.operaton.bpm.spring.boot.starter.webapp.filter.LazySecurityFilter@5c5c7cc4
2026-08-25T20:11:49.402Z  INFO 57 --- [           main] o.s.b.a.e.web.EndpointLinksResolver      : Exposing 1 endpoint beneath base path '/actuator'
2026-08-25T20:11:49.792Z  INFO 57 --- [           main] o.s.boot.tomcat.TomcatWebServer          : Tomcat started on port 8080 (http) with context path '/'
2026-08-25T20:11:49.860Z  INFO 57 --- [           main] org.operaton.bpm.run.OperatonApp         : Started OperatonApp in 24.878 seconds (process running for 27.156)
2026-08-25T20:11:49.975Z  INFO 57 --- [           main] org.operaton.bpm.engine.jobexecutor      : ENGINE-14014 Starting up the JobExecutor[org.operaton.bpm.engine.spring.components.jobexecutor.SpringJobExecutor].
2026-08-25T20:11:49.980Z  INFO 57 --- [ingJobExecutor]] org.operaton.bpm.engine.jobexecutor      : ENGINE-14018 JobExecutor[org.operaton.bpm.engine.spring.components.jobexecutor.SpringJobExecutor] starting to acquire jobs
postgres:5432 available
Setting JAVA property to /usr/lib/jvm/java-17-openjdk/bin/java
Java version is 17.0.20
JAVA_OPTS: -XX:MaxRAMPercentage=70.0
REST API enabled
WebApps enabled
Invoice Example included - needs to be enabled in application configuration as well
classpath: /operaton/internal/webapps/,/operaton/internal/rest/,/operaton/internal/example,/operaton/configuration/userlib/,/operaton/configuration/keystore/

     _/_/                                              _/
  _/    _/  _/_/_/      _/_/    _/  _/_/    _/_/_/  _/_/_/_/    _/_/    _/_/_/
 _/    _/  _/    _/  _/_/_/_/  _/_/      _/    _/    _/      _/    _/  _/    _/
_/    _/  _/    _/  _/        _/        _/    _/    _/      _/    _/  _/    _/
 _/_/    _/_/_/      _/_/_/  _/          _/_/_/      _/_/    _/_/    _/    _/
        _/
       _/

  Spring-Boot:  (v4.0.8)
  Operaton: (v2.1.4)

2026-08-25T20:12:42.331Z  INFO 57 --- [           main] org.operaton.bpm.run.OperatonApp         : Starting OperatonApp v2.1.4 using Java 17.0.20 with PID 57 (/operaton/internal/operaton-bpm.jar started by operaton in /operaton)
2026-08-25T20:12:42.381Z  INFO 57 --- [           main] org.operaton.bpm.run.OperatonApp         : No active profile set, falling back to 1 default profile: "default"
2026-08-25T20:12:49.823Z  INFO 57 --- [           main] o.s.boot.tomcat.TomcatWebServer          : Tomcat initialized with port 8080 (http)
2026-08-25T20:12:49.860Z  INFO 57 --- [           main] o.apache.catalina.core.StandardService   : Starting service [Tomcat]
2026-08-25T20:12:49.861Z  INFO 57 --- [           main] o.apache.catalina.core.StandardEngine    : Starting Servlet engine: [Apache Tomcat/11.0.25]
2026-08-25T20:12:49.962Z  INFO 57 --- [           main] b.w.c.s.WebApplicationContextInitializer : Root WebApplicationContext: initialization completed in 6219 ms
2026-08-25T20:12:50.074Z  INFO 57 --- [           main] o.b.s.b.s.r.OperatonJerseyResourceConfig : Configuring operaton rest api.
2026-08-25T20:12:50.157Z  INFO 57 --- [           main] o.b.s.b.s.r.OperatonJerseyResourceConfig : Finished configuring operaton rest api.
2026-08-25T20:12:51.700Z  INFO 57 --- [           main] org.operaton.bpm.spring.boot             : STARTER-SB040 Setting up jobExecutor with corePoolSize=3, maxPoolSize:10
2026-08-25T20:12:51.920Z  INFO 57 --- [           main] org.operaton.bpm.engine.cfg              : ENGINE-12003 Plugin 'CompositeProcessEnginePlugin[genericPropertiesConfiguration, operatonDeploymentConfiguration, operatonProcessEngineConfiguration, operatonDatasourceConfiguration, operatonJobConfiguration, operatonHistoryConfiguration, operatonMetricsConfiguration, operatonAuthorizationConfiguration, createAdminUserConfiguration, failedJobConfiguration, CreateFilterConfiguration[filterName=All tasks], eventPublisherPlugin, ApplicationContextClassloaderSwitchPlugin, ConnectProcessEnginePlugin, SpringBootSpinProcessEnginePlugin]' activated on process engine 'default'
2026-08-25T20:12:51.936Z  INFO 57 --- [           main] org.operaton.bpm.spring.boot             : STARTER-SB021 Auto-Deploying resources: []
2026-08-25T20:12:51.944Z  INFO 57 --- [           main] o.o.b.s.b.s.event.EventPublisherPlugin   : EVENTING-001: Initialized Operaton Spring Boot Eventing Engine Plugin.
2026-08-25T20:12:51.944Z  INFO 57 --- [           main] o.o.b.s.b.s.event.EventPublisherPlugin   : EVENTING-003: Task events will be published as Spring Events.
2026-08-25T20:12:51.944Z  INFO 57 --- [           main] o.o.b.s.b.s.event.EventPublisherPlugin   : EVENTING-005: Execution events will be published as Spring Events.
2026-08-25T20:12:51.945Z  INFO 57 --- [           main] o.o.b.s.b.s.event.EventPublisherPlugin   : EVENTING-009: Listeners will not be invoked if a skipCustomListeners API parameter is set to true by user.
2026-08-25T20:12:51.958Z  INFO 57 --- [           main] o.o.b.s.b.s.event.EventPublisherPlugin   : EVENTING-007: History events will be published as Spring events.
2026-08-25T20:12:51.974Z  INFO 57 --- [           main] org.operaton.spin                        : SPIN-01010 Discovered Spin data format provider: org.operaton.spin.impl.json.jackson.format.JacksonJsonDataFormatProvider[name = application/json]
2026-08-25T20:12:52.473Z  INFO 57 --- [           main] org.operaton.spin                        : SPIN-01010 Discovered Spin data format provider: org.operaton.spin.impl.xml.dom.format.DomXmlDataFormatProvider[name = application/xml]
2026-08-25T20:12:52.717Z  INFO 57 --- [           main] org.operaton.spin                        : SPIN-01009 Discovered Spin data format: org.operaton.spin.impl.xml.dom.format.DomXmlDataFormat[name = application/xml]
2026-08-25T20:12:52.717Z  INFO 57 --- [           main] org.operaton.spin                        : SPIN-01009 Discovered Spin data format: org.operaton.spin.impl.json.jackson.format.JacksonJsonDataFormat[name = application/json]
2026-08-25T20:12:53.096Z  INFO 57 --- [           main] org.operaton.bpm.dmn.feel.scala          : FEEL/SCALA-01001 Spin value mapper detected
2026-08-25T20:12:54.194Z  INFO 57 --- [           main] com.zaxxer.hikari.HikariDataSource       : HikariPool-1 - Starting...
2026-08-25T20:12:54.677Z  INFO 57 --- [           main] com.zaxxer.hikari.pool.HikariPool        : HikariPool-1 - Added connection org.postgresql.jdbc.PgConnection@1b6683c4
2026-08-25T20:12:54.698Z  INFO 57 --- [           main] com.zaxxer.hikari.HikariDataSource       : HikariPool-1 - Start completed.
2026-08-25T20:13:02.470Z  INFO 57 --- [           main] org.operaton.bpm.engine                  : ENGINE-00001 Process Engine default created.
2026-08-25T20:13:02.540Z  INFO 57 --- [           main] org.operaton.bpm.spring.boot             : STARTER-SB016 Skip initial filter creation, the filter with this name already exists: All tasks
2026-08-25T20:13:03.401Z  INFO 57 --- [           main] o.o.b.s.b.s.w.f.LazyInitRegistration     : lazy initialized org.operaton.bpm.spring.boot.starter.webapp.filter.LazyProcessEnginesFilter@144a5e6e
2026-08-25T20:13:03.817Z  INFO 57 --- [           main] o.o.b.s.b.s.w.f.LazyInitRegistration     : lazy initialized org.operaton.bpm.spring.boot.starter.webapp.filter.LazySecurityFilter@5635bcd2
2026-08-25T20:13:04.592Z  INFO 57 --- [           main] o.s.b.a.e.web.EndpointLinksResolver      : Exposing 1 endpoint beneath base path '/actuator'
2026-08-25T20:13:04.949Z  INFO 57 --- [           main] o.s.boot.tomcat.TomcatWebServer          : Tomcat started on port 8080 (http) with context path '/'
2026-08-25T20:13:04.980Z  INFO 57 --- [           main] org.operaton.bpm.run.OperatonApp         : Started OperatonApp in 24.441 seconds (process running for 26.725)
2026-08-25T20:13:05.101Z  INFO 57 --- [           main] org.operaton.bpm.engine.jobexecutor      : ENGINE-14014 Starting up the JobExecutor[org.operaton.bpm.engine.spring.components.jobexecutor.SpringJobExecutor].
2026-08-25T20:13:05.105Z  INFO 57 --- [ingJobExecutor]] org.operaton.bpm.engine.jobexecutor      : ENGINE-14018 JobExecutor[org.operaton.bpm.engine.spring.components.jobexecutor.SpringJobExecutor] starting to acquire jobs
