//////////          &&&& &&&                                          ,,,         ,,,
  //////////////     &&&&&&& &&&                                          ,,,         ,,,
 ///          ///   &&&      &&&                                          ,,,         ,,,
 ////////     ///   &&&&&&&& &&&   &&&&&&&   &&&   &&&    &&&  ,,,,,,,,,, ,,,,,,,,,   ,,,   ,,,,,,,
 //////   //  ///   &&&&&&&& &&& &&&&   &&&& &&&   &&&    &&& ,,,    ,,,, ,,,,   ,,,, ,,, ,,,    ,,
 ///    ////  ///   &&&      &&& &&&     &&& &&&   &&&    &&& ,,      ,,, ,,,     ,,, ,,, ,,,,,,,,,
 //    /////  ///   &&&      &&& &&&    &&&& &&&   &&&    &&& ,,,    ,,,, ,,,,    ,,, ,,, ,,,
     ///////////    &&&      &&&  &&&&&&&&    &&&&&&&&&&&&&&   ,,,,,,,,,,   ,,,,,,,,  ,,,  ,,,,,,,,

  :: Flowable :: (v8.0.0)    :: Spring Boot ::  (v4.0.2)

2026-08-24T19:28:51.506Z  INFO 1 --- [flowable-rest] [           main] o.f.rest.app.FlowableRestApplication     : Starting FlowableRestApplication using Java 21.0.10 with PID 1 (/app/WEB-INF/classes started by flowable in /)
2026-08-24T19:28:51.564Z  INFO 1 --- [flowable-rest] [           main] o.f.rest.app.FlowableRestApplication     : No active profile set, falling back to 1 default profile: "default"
2026-08-24T19:28:56.886Z  INFO 1 --- [flowable-rest] [           main] o.s.boot.tomcat.TomcatWebServer          : Tomcat initialized with port 8080 (http)
2026-08-24T19:28:56.915Z  INFO 1 --- [flowable-rest] [           main] o.apache.catalina.core.StandardService   : Starting service [Tomcat]
2026-08-24T19:28:56.916Z  INFO 1 --- [flowable-rest] [           main] o.apache.catalina.core.StandardEngine    : Starting Servlet engine: [Apache Tomcat/11.0.15]
2026-08-24T19:28:57.128Z  INFO 1 --- [flowable-rest] [           main] b.w.c.s.WebApplicationContextInitializer : Root WebApplicationContext: initialization completed in 3996 ms
2026-08-24T19:28:57.838Z  INFO 1 --- [flowable-rest] [           main] o.f.s.b.ProcessEngineAutoConfiguration   : No deployment resources were found for autodeployment
2026-08-24T19:28:57.891Z  INFO 1 --- [flowable-rest] [           main] o.f.c.e.i.a.DefaultAsyncTaskExecutor     : Creating thread pool queue of size 100
2026-08-24T19:28:57.894Z  INFO 1 --- [flowable-rest] [           main] o.f.c.e.i.a.DefaultAsyncTaskExecutor     : Creating thread factory with naming pattern flowable-async-task-invoker-%d
2026-08-24T19:28:57.896Z  INFO 1 --- [flowable-rest] [           main] o.f.c.e.i.a.DefaultAsyncTaskExecutor     : Creating executor service with corePoolSize 8, maxPoolSize 8 and keepAliveTime 5000
2026-08-24T19:28:58.587Z  INFO 1 --- [flowable-rest] [           main] o.f.s.b.c.CmmnEngineAutoConfiguration    : No deployment resources were found for autodeployment
2026-08-24T19:28:58.666Z  INFO 1 --- [flowable-rest] [           main] o.f.s.b.dmn.DmnEngineAutoConfiguration   : No deployment resources were found for autodeployment
2026-08-24T19:28:58.735Z  INFO 1 --- [flowable-rest] [           main] o.f.s.b.e.EventRegistryAutoConfiguration : No deployment resources were found for autodeployment
2026-08-24T19:28:58.821Z  INFO 1 --- [flowable-rest] [           main] o.f.s.b.app.AppEngineAutoConfiguration   : No deployment resources were found for autodeployment
2026-08-24T19:28:58.869Z  INFO 1 --- [flowable-rest] [           main] o.f.a.s.SpringAppEngineConfiguration     : Found 5 Engine Configurators in total:
2026-08-24T19:28:58.870Z  INFO 1 --- [flowable-rest] [           main] o.f.a.s.SpringAppEngineConfiguration     : class org.flowable.engine.spring.configurator.SpringProcessEngineConfigurator (priority:50000)
2026-08-24T19:28:58.870Z  INFO 1 --- [flowable-rest] [           main] o.f.a.s.SpringAppEngineConfiguration     : class org.flowable.eventregistry.spring.configurator.SpringEventRegistryConfigurator (priority:100000)
2026-08-24T19:28:58.871Z  INFO 1 --- [flowable-rest] [           main] o.f.a.s.SpringAppEngineConfiguration     : class org.flowable.idm.spring.configurator.SpringIdmEngineConfigurator (priority:150000)
2026-08-24T19:28:58.871Z  INFO 1 --- [flowable-rest] [           main] o.f.a.s.SpringAppEngineConfiguration     : class org.flowable.dmn.spring.configurator.SpringDmnEngineConfigurator (priority:200000)
2026-08-24T19:28:58.871Z  INFO 1 --- [flowable-rest] [           main] o.f.a.s.SpringAppEngineConfiguration     : class org.flowable.cmmn.spring.configurator.SpringCmmnEngineConfigurator (priority:500000)
2026-08-24T19:28:58.871Z  INFO 1 --- [flowable-rest] [           main] o.f.a.s.SpringAppEngineConfiguration     : Executing beforeInit() of class org.flowable.engine.spring.configurator.SpringProcessEngineConfigurator (priority:50000)
2026-08-24T19:28:58.962Z  INFO 1 --- [flowable-rest] [           main] o.f.a.s.SpringAppEngineConfiguration     : Executing beforeInit() of class org.flowable.eventregistry.spring.configurator.SpringEventRegistryConfigurator (priority:100000)
2026-08-24T19:28:58.969Z  INFO 1 --- [flowable-rest] [           main] o.f.a.s.SpringAppEngineConfiguration     : Executing beforeInit() of class org.flowable.idm.spring.configurator.SpringIdmEngineConfigurator (priority:150000)
2026-08-24T19:28:58.976Z  INFO 1 --- [flowable-rest] [           main] o.f.a.s.SpringAppEngineConfiguration     : Executing beforeInit() of class org.flowable.dmn.spring.configurator.SpringDmnEngineConfigurator (priority:200000)
2026-08-24T19:28:58.986Z  INFO 1 --- [flowable-rest] [           main] o.f.a.s.SpringAppEngineConfiguration     : Executing beforeInit() of class org.flowable.cmmn.spring.configurator.SpringCmmnEngineConfigurator (priority:500000)
2026-08-24T19:28:59.077Z  INFO 1 --- [flowable-rest] [           main] com.zaxxer.hikari.HikariDataSource       : flowable-rest - Starting...
2026-08-24T19:28:59.483Z  INFO 1 --- [flowable-rest] [           main] com.zaxxer.hikari.pool.HikariPool        : flowable-rest - Added connection org.postgresql.jdbc.PgConnection@6585df70
2026-08-24T19:28:59.487Z  INFO 1 --- [flowable-rest] [           main] com.zaxxer.hikari.HikariDataSource       : flowable-rest - Start completed.
2026-08-24T19:29:02.765Z  INFO 1 --- [flowable-rest] [           main] o.f.a.s.SpringAppEngineConfiguration     : Executing configure() of class org.flowable.engine.spring.configurator.SpringProcessEngineConfigurator (priority:50000)
2026-08-24T19:29:03.081Z  INFO 1 --- [flowable-rest] [           main] o.f.engine.impl.ProcessEngineImpl        : ProcessEngine default created
2026-08-24T19:29:03.082Z  INFO 1 --- [flowable-rest] [           main] o.f.a.s.SpringAppEngineConfiguration     : Executing configure() of class org.flowable.eventregistry.spring.configurator.SpringEventRegistryConfigurator (priority:100000)
2026-08-24T19:29:03.100Z  INFO 1 --- [flowable-rest] [           main] o.f.e.impl.EventRegistryEngineImpl       : EventRegistryEngine default created
2026-08-24T19:29:03.101Z  INFO 1 --- [flowable-rest] [           main] o.f.a.s.SpringAppEngineConfiguration     : Executing configure() of class org.flowable.idm.spring.configurator.SpringIdmEngineConfigurator (priority:150000)
2026-08-24T19:29:03.112Z  INFO 1 --- [flowable-rest] [           main] o.f.idm.engine.impl.IdmEngineImpl        : IdmEngine default created
2026-08-24T19:29:03.114Z  INFO 1 --- [flowable-rest] [           main] o.f.a.s.SpringAppEngineConfiguration     : Executing configure() of class org.flowable.dmn.spring.configurator.SpringDmnEngineConfigurator (priority:200000)
2026-08-24T19:29:03.129Z  INFO 1 --- [flowable-rest] [           main] o.f.dmn.engine.impl.DmnEngineImpl        : DmnEngine default created
2026-08-24T19:29:03.130Z  INFO 1 --- [flowable-rest] [           main] o.f.a.s.SpringAppEngineConfiguration     : Executing configure() of class org.flowable.cmmn.spring.configurator.SpringCmmnEngineConfigurator (priority:500000)
2026-08-24T19:29:03.217Z  INFO 1 --- [flowable-rest] [           main] o.f.cmmn.engine.impl.CmmnEngineImpl      : CmmnEngine default created
2026-08-24T19:29:03.312Z  INFO 1 --- [flowable-rest] [           main] o.f.app.engine.impl.AppEngineImpl        : AppEngine default created
2026-08-24T19:29:03.363Z  INFO 1 --- [flowable-rest] [           main] o.f.e.impl.cmd.ValidateV5EntitiesCmd     : Total of v5 deployments found: 0
2026-08-24T19:29:03.649Z  INFO 1 --- [flowable-rest] [           main] eAuthenticationProviderManagerConfigurer : Global AuthenticationManager configured with AuthenticationProvider bean with name authenticationProvider
2026-08-24T19:29:03.652Z  WARN 1 --- [flowable-rest] [           main] r$InitializeUserDetailsManagerConfigurer : Global AuthenticationManager configured with an AuthenticationProvider bean. UserDetailsService beans will not be used by Spring Security for automatically configuring username/password login. Consider removing the AuthenticationProvider bean. Alternatively, consider using the UserDetailsService in a manually instantiated DaoAuthenticationProvider. If the current configuration is intentional, to turn off this warning, increase the logging level of 'org.springframework.security.config.annotation.authentication.configuration.InitializeUserDetailsBeanManagerConfigurer' to ERROR
2026-08-24T19:29:05.385Z  INFO 1 --- [flowable-rest] [           main] o.s.b.a.e.web.EndpointLinksResolver      : Exposing 13 endpoints beneath base path '/actuator'
2026-08-24T19:29:05.595Z  INFO 1 --- [flowable-rest] [           main] o.f.j.s.i.a.AbstractAsyncExecutor        : Starting up the async job executor [org.flowable.spring.job.service.SpringAsyncExecutor] for engine cmmn
2026-08-24T19:29:05.629Z  INFO 1 --- [flowable-rest] [       Thread-1] o.f.j.s.i.a.AcquireAsyncJobsDueRunnable  : starting to acquire async jobs due for engine cmmn
2026-08-24T19:29:05.632Z  INFO 1 --- [flowable-rest] [       Thread-2] o.f.j.s.i.a.AcquireTimerJobsRunnable     : starting to acquire async jobs due for engine cmmn
2026-08-24T19:29:05.635Z  INFO 1 --- [flowable-rest] [       Thread-3] o.f.j.s.i.a.ResetExpiredJobsRunnable     : starting to reset expired jobs for engine cmmn
2026-08-24T19:29:05.635Z  INFO 1 --- [flowable-rest] [           main] o.f.j.s.i.a.AbstractAsyncExecutor        : Starting up the async job executor [org.flowable.spring.job.service.SpringAsyncExecutor] for engine bpmn
2026-08-24T19:29:05.657Z  INFO 1 --- [flowable-rest] [       Thread-5] o.f.j.s.i.a.AcquireTimerJobsRunnable     : starting to acquire async jobs due for engine bpmn
2026-08-24T19:29:05.658Z  INFO 1 --- [flowable-rest] [       Thread-4] o.f.j.s.i.a.AcquireAsyncJobsDueRunnable  : starting to acquire async jobs due for engine bpmn
2026-08-24T19:29:05.662Z  INFO 1 --- [flowable-rest] [       Thread-6] o.f.j.s.i.a.ResetExpiredJobsRunnable     : starting to reset expired jobs for engine bpmn
2026-08-24T19:29:05.713Z  INFO 1 --- [flowable-rest] [           main] o.s.boot.tomcat.TomcatWebServer          : Tomcat started on port 8080 (http) with context path '/flowable-rest'
2026-08-24T19:29:05.740Z  INFO 1 --- [flowable-rest] [           main] o.f.rest.app.FlowableRestApplication     : Started FlowableRestApplication in 15.237 seconds (process running for 16.431)
2026-08-24T19:29:08.082Z  INFO 1 --- [flowable-rest] [nio-8080-exec-2] o.a.c.c.C.[.[.[/flowable-rest]           : Initializing Spring DispatcherServlet 'Flowable BPMN Rest API'
2026-08-24T19:29:08.083Z  INFO 1 --- [flowable-rest] [nio-8080-exec-2] o.s.web.servlet.DispatcherServlet        : Initializing Servlet 'Flowable BPMN Rest API'
2026-08-24T19:29:08.879Z  INFO 1 --- [flowable-rest] [nio-8080-exec-2] o.s.web.servlet.DispatcherServlet        : Completed initialization in 796 ms
2026-08-24T19:29:08.972Z  INFO 1 --- [flowable-rest] [nio-8080-exec-2] o.a.c.c.C.[.[.[/flowable-rest]           : Initializing Spring DispatcherServlet 'dispatcherServlet'
2026-08-24T19:29:08.972Z  INFO 1 --- [flowable-rest] [nio-8080-exec-2] o.s.web.servlet.DispatcherServlet        : Initializing Servlet 'dispatcherServlet'
2026-08-24T19:29:08.975Z  INFO 1 --- [flowable-rest] [nio-8080-exec-2] o.s.web.servlet.DispatcherServlet        : Completed initialization in 3 ms
2026-08-24T19:29:25.335Z  INFO 1 --- [flowable-rest] [nio-8080-exec-6] o.a.c.c.C.[.[.[/flowable-rest]           : Initializing Spring DispatcherServlet 'Flowable External Job Rest API'
2026-08-24T19:29:25.337Z  INFO 1 --- [flowable-rest] [nio-8080-exec-6] o.s.web.servlet.DispatcherServlet        : Initializing Servlet 'Flowable External Job Rest API'
2026-08-24T19:29:25.514Z  INFO 1 --- [flowable-rest] [nio-8080-exec-6] o.s.web.servlet.DispatcherServlet        : Completed initialization in 177 ms
2026-08-24T19:30:27.450Z  INFO 1 --- [flowable-rest] [ionShutdownHook] o.s.boot.tomcat.GracefulShutdown         : Commencing graceful shutdown. Waiting for active requests to complete
2026-08-24T19:30:27.458Z  INFO 1 --- [flowable-rest] [tomcat-shutdown] o.s.boot.tomcat.GracefulShutdown         : Graceful shutdown complete
2026-08-24T19:30:27.488Z  INFO 1 --- [flowable-rest] [ionShutdownHook] o.f.j.s.i.a.AbstractAsyncExecutor        : Shutting down the async job executor [org.flowable.spring.job.service.SpringAsyncExecutor] for engine cmmn
2026-08-24T19:30:27.489Z  INFO 1 --- [flowable-rest] [uire-timer-jobs] o.f.j.s.i.a.AcquireTimerJobsRunnable     : stopped async job due acquisition for engine cmmn
2026-08-24T19:30:27.489Z  INFO 1 --- [flowable-rest] [et-expired-jobs] o.f.j.s.i.a.ResetExpiredJobsRunnable     : stopped resetting expired jobs for engine cmmn
2026-08-24T19:30:27.494Z  INFO 1 --- [flowable-rest] [uire-async-jobs] o.f.j.s.i.a.AcquireAsyncJobsDueRunnable  : stopped async job due acquisition for engine cmmn
2026-08-24T19:30:27.505Z  INFO 1 --- [flowable-rest] [ionShutdownHook] o.f.j.s.i.a.AbstractAsyncExecutor        : Shutting down the async job executor [org.flowable.spring.job.service.SpringAsyncExecutor] for engine bpmn
2026-08-24T19:30:27.505Z  INFO 1 --- [flowable-rest] [uire-timer-jobs] o.f.j.s.i.a.AcquireTimerJobsRunnable     : stopped async job due acquisition for engine bpmn
2026-08-24T19:30:27.506Z  INFO 1 --- [flowable-rest] [et-expired-jobs] o.f.j.s.i.a.ResetExpiredJobsRunnable     : stopped resetting expired jobs for engine bpmn
2026-08-24T19:30:27.506Z  INFO 1 --- [flowable-rest] [uire-async-jobs] o.f.j.s.i.a.AcquireAsyncJobsDueRunnable  : stopped async job due acquisition for engine bpmn
2026-08-24T19:30:27.519Z  INFO 1 --- [flowable-rest] [ionShutdownHook] com.zaxxer.hikari.HikariDataSource       : flowable-rest - Shutdown initiated...
2026-08-24T19:30:27.535Z  INFO 1 --- [flowable-rest] [ionShutdownHook] com.zaxxer.hikari.HikariDataSource       : flowable-rest - Shutdown completed.

    //////////          &&&& &&&                                          ,,,         ,,,
  //////////////     &&&&&&& &&&                                          ,,,         ,,,
 ///          ///   &&&      &&&                                          ,,,         ,,,
 ////////     ///   &&&&&&&& &&&   &&&&&&&   &&&   &&&    &&&  ,,,,,,,,,, ,,,,,,,,,   ,,,   ,,,,,,,
 //////   //  ///   &&&&&&&& &&& &&&&   &&&& &&&   &&&    &&& ,,,    ,,,, ,,,,   ,,,, ,,, ,,,    ,,
 ///    ////  ///   &&&      &&& &&&     &&& &&&   &&&    &&& ,,      ,,, ,,,     ,,, ,,, ,,,,,,,,,
 //    /////  ///   &&&      &&& &&&    &&&& &&&   &&&    &&& ,,,    ,,,, ,,,,    ,,, ,,, ,,,
     ///////////    &&&      &&&  &&&&&&&&    &&&&&&&&&&&&&&   ,,,,,,,,,,   ,,,,,,,,  ,,,  ,,,,,,,,

  :: Flowable :: (v8.0.0)    :: Spring Boot ::  (v4.0.2)

2026-08-24T19:30:30.165Z  INFO 1 --- [flowable-rest] [           main] o.f.rest.app.FlowableRestApplication     : Starting FlowableRestApplication using Java 21.0.10 with PID 1 (/app/WEB-INF/classes started by flowable in /)
2026-08-24T19:30:30.171Z  INFO 1 --- [flowable-rest] [           main] o.f.rest.app.FlowableRestApplication     : No active profile set, falling back to 1 default profile: "default"
2026-08-24T19:30:35.214Z  INFO 1 --- [flowable-rest] [           main] o.s.boot.tomcat.TomcatWebServer          : Tomcat initialized with port 8080 (http)
2026-08-24T19:30:35.243Z  INFO 1 --- [flowable-rest] [           main] o.apache.catalina.core.StandardService   : Starting service [Tomcat]
2026-08-24T19:30:35.244Z  INFO 1 --- [flowable-rest] [           main] o.apache.catalina.core.StandardEngine    : Starting Servlet engine: [Apache Tomcat/11.0.15]
2026-08-24T19:30:35.445Z  INFO 1 --- [flowable-rest] [           main] b.w.c.s.WebApplicationContextInitializer : Root WebApplicationContext: initialization completed in 3854 ms
2026-08-24T19:30:36.176Z  INFO 1 --- [flowable-rest] [           main] o.f.s.b.ProcessEngineAutoConfiguration   : No deployment resources were found for autodeployment
2026-08-24T19:30:36.235Z  INFO 1 --- [flowable-rest] [           main] o.f.c.e.i.a.DefaultAsyncTaskExecutor     : Creating thread pool queue of size 100
2026-08-24T19:30:36.238Z  INFO 1 --- [flowable-rest] [           main] o.f.c.e.i.a.DefaultAsyncTaskExecutor     : Creating thread factory with naming pattern flowable-async-task-invoker-%d
2026-08-24T19:30:36.241Z  INFO 1 --- [flowable-rest] [           main] o.f.c.e.i.a.DefaultAsyncTaskExecutor     : Creating executor service with corePoolSize 8, maxPoolSize 8 and keepAliveTime 5000
2026-08-24T19:30:36.655Z  INFO 1 --- [flowable-rest] [           main] o.f.s.b.c.CmmnEngineAutoConfiguration    : No deployment resources were found for autodeployment
2026-08-24T19:30:36.742Z  INFO 1 --- [flowable-rest] [           main] o.f.s.b.dmn.DmnEngineAutoConfiguration   : No deployment resources were found for autodeployment
2026-08-24T19:30:36.795Z  INFO 1 --- [flowable-rest] [           main] o.f.s.b.e.EventRegistryAutoConfiguration : No deployment resources were found for autodeployment
2026-08-24T19:30:36.862Z  INFO 1 --- [flowable-rest] [           main] o.f.s.b.app.AppEngineAutoConfiguration   : No deployment resources were found for autodeployment
2026-08-24T19:30:36.877Z  INFO 1 --- [flowable-rest] [           main] o.f.a.s.SpringAppEngineConfiguration     : Found 5 Engine Configurators in total:
2026-08-24T19:30:36.878Z  INFO 1 --- [flowable-rest] [           main] o.f.a.s.SpringAppEngineConfiguration     : class org.flowable.engine.spring.configurator.SpringProcessEngineConfigurator (priority:50000)
2026-08-24T19:30:36.878Z  INFO 1 --- [flowable-rest] [           main] o.f.a.s.SpringAppEngineConfiguration     : class org.flowable.eventregistry.spring.configurator.SpringEventRegistryConfigurator (priority:100000)
2026-08-24T19:30:36.878Z  INFO 1 --- [flowable-rest] [           main] o.f.a.s.SpringAppEngineConfiguration     : class org.flowable.idm.spring.configurator.SpringIdmEngineConfigurator (priority:150000)
2026-08-24T19:30:36.878Z  INFO 1 --- [flowable-rest] [           main] o.f.a.s.SpringAppEngineConfiguration     : class org.flowable.dmn.spring.configurator.SpringDmnEngineConfigurator (priority:200000)
2026-08-24T19:30:36.878Z  INFO 1 --- [flowable-rest] [           main] o.f.a.s.SpringAppEngineConfiguration     : class org.flowable.cmmn.spring.configurator.SpringCmmnEngineConfigurator (priority:500000)
2026-08-24T19:30:36.878Z  INFO 1 --- [flowable-rest] [           main] o.f.a.s.SpringAppEngineConfiguration     : Executing beforeInit() of class org.flowable.engine.spring.configurator.SpringProcessEngineConfigurator (priority:50000)
2026-08-24T19:30:36.960Z  INFO 1 --- [flowable-rest] [           main] o.f.a.s.SpringAppEngineConfiguration     : Executing beforeInit() of class org.flowable.eventregistry.spring.configurator.SpringEventRegistryConfigurator (priority:100000)
2026-08-24T19:30:36.972Z  INFO 1 --- [flowable-rest] [           main] o.f.a.s.SpringAppEngineConfiguration     : Executing beforeInit() of class org.flowable.idm.spring.configurator.SpringIdmEngineConfigurator (priority:150000)
2026-08-24T19:30:36.981Z  INFO 1 --- [flowable-rest] [           main] o.f.a.s.SpringAppEngineConfiguration     : Executing beforeInit() of class org.flowable.dmn.spring.configurator.SpringDmnEngineConfigurator (priority:200000)
2026-08-24T19:30:36.996Z  INFO 1 --- [flowable-rest] [           main] o.f.a.s.SpringAppEngineConfiguration     : Executing beforeInit() of class org.flowable.cmmn.spring.configurator.SpringCmmnEngineConfigurator (priority:500000)
2026-08-24T19:30:37.070Z  INFO 1 --- [flowable-rest] [           main] com.zaxxer.hikari.HikariDataSource       : flowable-rest - Starting...
2026-08-24T19:30:37.482Z  INFO 1 --- [flowable-rest] [           main] com.zaxxer.hikari.pool.HikariPool        : flowable-rest - Added connection org.postgresql.jdbc.PgConnection@16e4db59
2026-08-24T19:30:37.486Z  INFO 1 --- [flowable-rest] [           main] com.zaxxer.hikari.HikariDataSource       : flowable-rest - Start completed.
2026-08-24T19:30:40.952Z  INFO 1 --- [flowable-rest] [           main] o.f.a.s.SpringAppEngineConfiguration     : Executing configure() of class org.flowable.engine.spring.configurator.SpringProcessEngineConfigurator (priority:50000)
2026-08-24T19:30:41.211Z  INFO 1 --- [flowable-rest] [           main] o.f.engine.impl.ProcessEngineImpl        : ProcessEngine default created
2026-08-24T19:30:41.212Z  INFO 1 --- [flowable-rest] [           main] o.f.a.s.SpringAppEngineConfiguration     : Executing configure() of class org.flowable.eventregistry.spring.configurator.SpringEventRegistryConfigurator (priority:100000)
2026-08-24T19:30:41.235Z  INFO 1 --- [flowable-rest] [           main] o.f.e.impl.EventRegistryEngineImpl       : EventRegistryEngine default created
2026-08-24T19:30:41.237Z  INFO 1 --- [flowable-rest] [           main] o.f.a.s.SpringAppEngineConfiguration     : Executing configure() of class org.flowable.idm.spring.configurator.SpringIdmEngineConfigurator (priority:150000)
2026-08-24T19:30:41.247Z  INFO 1 --- [flowable-rest] [           main] o.f.idm.engine.impl.IdmEngineImpl        : IdmEngine default created
2026-08-24T19:30:41.248Z  INFO 1 --- [flowable-rest] [           main] o.f.a.s.SpringAppEngineConfiguration     : Executing configure() of class org.flowable.dmn.spring.configurator.SpringDmnEngineConfigurator (priority:200000)
2026-08-24T19:30:41.264Z  INFO 1 --- [flowable-rest] [           main] o.f.dmn.engine.impl.DmnEngineImpl        : DmnEngine default created
2026-08-24T19:30:41.266Z  INFO 1 --- [flowable-rest] [           main] o.f.a.s.SpringAppEngineConfiguration     : Executing configure() of class org.flowable.cmmn.spring.configurator.SpringCmmnEngineConfigurator (priority:500000)
2026-08-24T19:30:41.353Z  INFO 1 --- [flowable-rest] [           main] o.f.cmmn.engine.impl.CmmnEngineImpl      : CmmnEngine default created
2026-08-24T19:30:41.443Z  INFO 1 --- [flowable-rest] [           main] o.f.app.engine.impl.AppEngineImpl        : AppEngine default created
2026-08-24T19:30:41.499Z  INFO 1 --- [flowable-rest] [           main] o.f.e.impl.cmd.ValidateV5EntitiesCmd     : Total of v5 deployments found: 0
2026-08-24T19:30:41.848Z  INFO 1 --- [flowable-rest] [           main] eAuthenticationProviderManagerConfigurer : Global AuthenticationManager configured with AuthenticationProvider bean with name authenticationProvider
2026-08-24T19:30:41.850Z  WARN 1 --- [flowable-rest] [           main] r$InitializeUserDetailsManagerConfigurer : Global AuthenticationManager configured with an AuthenticationProvider bean. UserDetailsService beans will not be used by Spring Security for automatically configuring username/password login. Consider removing the AuthenticationProvider bean. Alternatively, consider using the UserDetailsService in a manually instantiated DaoAuthenticationProvider. If the current configuration is intentional, to turn off this warning, increase the logging level of 'org.springframework.security.config.annotation.authentication.configuration.InitializeUserDetailsBeanManagerConfigurer' to ERROR
2026-08-24T19:30:43.303Z  INFO 1 --- [flowable-rest] [           main] o.s.b.a.e.web.EndpointLinksResolver      : Exposing 13 endpoints beneath base path '/actuator'
2026-08-24T19:30:43.549Z  INFO 1 --- [flowable-rest] [           main] o.f.j.s.i.a.AbstractAsyncExecutor        : Starting up the async job executor [org.flowable.spring.job.service.SpringAsyncExecutor] for engine cmmn
2026-08-24T19:30:43.598Z  INFO 1 --- [flowable-rest] [       Thread-2] o.f.j.s.i.a.AcquireTimerJobsRunnable     : starting to acquire async jobs due for engine cmmn
2026-08-24T19:30:43.599Z  INFO 1 --- [flowable-rest] [           main] o.f.j.s.i.a.AbstractAsyncExecutor        : Starting up the async job executor [org.flowable.spring.job.service.SpringAsyncExecutor] for engine bpmn
2026-08-24T19:30:43.600Z  INFO 1 --- [flowable-rest] [       Thread-3] o.f.j.s.i.a.ResetExpiredJobsRunnable     : starting to reset expired jobs for engine cmmn
2026-08-24T19:30:43.596Z  INFO 1 --- [flowable-rest] [       Thread-1] o.f.j.s.i.a.AcquireAsyncJobsDueRunnable  : starting to acquire async jobs due for engine cmmn
2026-08-24T19:30:43.619Z  INFO 1 --- [flowable-rest] [       Thread-4] o.f.j.s.i.a.AcquireAsyncJobsDueRunnable  : starting to acquire async jobs due for engine bpmn
2026-08-24T19:30:43.625Z  INFO 1 --- [flowable-rest] [       Thread-5] o.f.j.s.i.a.AcquireTimerJobsRunnable     : starting to acquire async jobs due for engine bpmn
2026-08-24T19:30:43.630Z  INFO 1 --- [flowable-rest] [       Thread-6] o.f.j.s.i.a.ResetExpiredJobsRunnable     : starting to reset expired jobs for engine bpmn
2026-08-24T19:30:43.684Z  INFO 1 --- [flowable-rest] [           main] o.s.boot.tomcat.TomcatWebServer          : Tomcat started on port 8080 (http) with context path '/flowable-rest'
2026-08-24T19:30:43.706Z  INFO 1 --- [flowable-rest] [           main] o.f.rest.app.FlowableRestApplication     : Started FlowableRestApplication in 14.711 seconds (process running for 15.596)
2026-08-24T19:30:43.977Z  INFO 1 --- [flowable-rest] [nio-8080-exec-1] o.a.c.c.C.[.[.[/flowable-rest]           : Initializing Spring DispatcherServlet 'Flowable BPMN Rest API'
2026-08-24T19:30:43.982Z  INFO 1 --- [flowable-rest] [nio-8080-exec-1] o.s.web.servlet.DispatcherServlet        : Initializing Servlet 'Flowable BPMN Rest API'
2026-08-24T19:30:45.000Z  INFO 1 --- [flowable-rest] [nio-8080-exec-1] o.s.web.servlet.DispatcherServlet        : Completed initialization in 1017 ms
2026-08-24T19:30:48.574Z  INFO 1 --- [flowable-rest] [nio-8080-exec-7] o.a.c.c.C.[.[.[/flowable-rest]           : Initializing Spring DispatcherServlet 'dispatcherServlet'
2026-08-24T19:30:48.574Z  INFO 1 --- [flowable-rest] [nio-8080-exec-7] o.s.web.servlet.DispatcherServlet        : Initializing Servlet 'dispatcherServlet'
2026-08-24T19:30:48.577Z  INFO 1 --- [flowable-rest] [nio-8080-exec-7] o.s.web.servlet.DispatcherServlet        : Completed initialization in 2 ms
2026-08-24T19:31:18.376Z  INFO 1 --- [flowable-rest] [nio-8080-exec-9] o.a.c.c.C.[.[.[/flowable-rest]           : Initializing Spring DispatcherServlet 'Flowable External Job Rest API'
2026-08-24T19:31:18.376Z  INFO 1 --- [flowable-rest] [nio-8080-exec-9] o.s.web.servlet.DispatcherServlet        : Initializing Servlet 'Flowable External Job Rest API'
2026-08-24T19:31:18.530Z  INFO 1 --- [flowable-rest] [nio-8080-exec-9] o.s.web.servlet.DispatcherServlet        : Completed initialization in 152 ms
2026-08-24T19:31:22.346Z  INFO 1 --- [flowable-rest] [ionShutdownHook] o.s.boot.tomcat.GracefulShutdown         : Commencing graceful shutdown. Waiting for active requests to complete
2026-08-24T19:31:22.354Z  INFO 1 --- [flowable-rest] [tomcat-shutdown] o.s.boot.tomcat.GracefulShutdown         : Graceful shutdown complete
2026-08-24T19:31:22.371Z  INFO 1 --- [flowable-rest] [ionShutdownHook] o.f.j.s.i.a.AbstractAsyncExecutor        : Shutting down the async job executor [org.flowable.spring.job.service.SpringAsyncExecutor] for engine cmmn
2026-08-24T19:31:22.372Z  INFO 1 --- [flowable-rest] [uire-async-jobs] o.f.j.s.i.a.AcquireAsyncJobsDueRunnable  : stopped async job due acquisition for engine cmmn
2026-08-24T19:31:22.372Z  INFO 1 --- [flowable-rest] [et-expired-jobs] o.f.j.s.i.a.ResetExpiredJobsRunnable     : stopped resetting expired jobs for engine cmmn
2026-08-24T19:31:22.372Z  INFO 1 --- [flowable-rest] [uire-timer-jobs] o.f.j.s.i.a.AcquireTimerJobsRunnable     : stopped async job due acquisition for engine cmmn
2026-08-24T19:31:22.389Z  INFO 1 --- [flowable-rest] [ionShutdownHook] o.f.j.s.i.a.AbstractAsyncExecutor        : Shutting down the async job executor [org.flowable.spring.job.service.SpringAsyncExecutor] for engine bpmn
2026-08-24T19:31:22.390Z  INFO 1 --- [flowable-rest] [uire-timer-jobs] o.f.j.s.i.a.AcquireTimerJobsRunnable     : stopped async job due acquisition for engine bpmn
2026-08-24T19:31:22.390Z  INFO 1 --- [flowable-rest] [et-expired-jobs] o.f.j.s.i.a.ResetExpiredJobsRunnable     : stopped resetting expired jobs for engine bpmn
2026-08-24T19:31:22.391Z  INFO 1 --- [flowable-rest] [uire-async-jobs] o.f.j.s.i.a.AcquireAsyncJobsDueRunnable  : stopped async job due acquisition for engine bpmn
2026-08-24T19:31:22.401Z  INFO 1 --- [flowable-rest] [ionShutdownHook] com.zaxxer.hikari.HikariDataSource       : flowable-rest - Shutdown initiated...
2026-08-24T19:31:22.415Z  INFO 1 --- [flowable-rest] [ionShutdownHook] com.zaxxer.hikari.HikariDataSource       : flowable-rest - Shutdown completed.

    //////////          &&&& &&&                                          ,,,         ,,,
  //////////////     &&&&&&& &&&                                          ,,,         ,,,
 ///          ///   &&&      &&&                                          ,,,         ,,,
 ////////     ///   &&&&&&&& &&&   &&&&&&&   &&&   &&&    &&&  ,,,,,,,,,, ,,,,,,,,,   ,,,   ,,,,,,,
 //////   //  ///   &&&&&&&& &&& &&&&   &&&& &&&   &&&    &&& ,,,    ,,,, ,,,,   ,,,, ,,, ,,,    ,,
 ///    ////  ///   &&&      &&& &&&     &&& &&&   &&&    &&& ,,      ,,, ,,,     ,,, ,,, ,,,,,,,,,
 //    /////  ///   &&&      &&& &&&    &&&& &&&   &&&    &&& ,,,    ,,,, ,,,,    ,,, ,,, ,,,
     ///////////    &&&      &&&  &&&&&&&&    &&&&&&&&&&&&&&   ,,,,,,,,,,   ,,,,,,,,  ,,,  ,,,,,,,,

  :: Flowable :: (v8.0.0)    :: Spring Boot ::  (v4.0.2)

2026-08-24T19:31:24.867Z  INFO 1 --- [flowable-rest] [           main] o.f.rest.app.FlowableRestApplication     : Starting FlowableRestApplication using Java 21.0.10 with PID 1 (/app/WEB-INF/classes started by flowable in /)
2026-08-24T19:31:24.877Z  INFO 1 --- [flowable-rest] [           main] o.f.rest.app.FlowableRestApplication     : No active profile set, falling back to 1 default profile: "default"
2026-08-24T19:31:29.765Z  INFO 1 --- [flowable-rest] [           main] o.s.boot.tomcat.TomcatWebServer          : Tomcat initialized with port 8080 (http)
2026-08-24T19:31:29.791Z  INFO 1 --- [flowable-rest] [           main] o.apache.catalina.core.StandardService   : Starting service [Tomcat]
2026-08-24T19:31:29.792Z  INFO 1 --- [flowable-rest] [           main] o.apache.catalina.core.StandardEngine    : Starting Servlet engine: [Apache Tomcat/11.0.15]
2026-08-24T19:31:30.041Z  INFO 1 --- [flowable-rest] [           main] b.w.c.s.WebApplicationContextInitializer : Root WebApplicationContext: initialization completed in 3845 ms
2026-08-24T19:31:30.818Z  INFO 1 --- [flowable-rest] [           main] o.f.s.b.ProcessEngineAutoConfiguration   : No deployment resources were found for autodeployment
2026-08-24T19:31:30.855Z  INFO 1 --- [flowable-rest] [           main] o.f.c.e.i.a.DefaultAsyncTaskExecutor     : Creating thread pool queue of size 100
2026-08-24T19:31:30.858Z  INFO 1 --- [flowable-rest] [           main] o.f.c.e.i.a.DefaultAsyncTaskExecutor     : Creating thread factory with naming pattern flowable-async-task-invoker-%d
2026-08-24T19:31:30.860Z  INFO 1 --- [flowable-rest] [           main] o.f.c.e.i.a.DefaultAsyncTaskExecutor     : Creating executor service with corePoolSize 8, maxPoolSize 8 and keepAliveTime 5000
2026-08-24T19:31:31.180Z  INFO 1 --- [flowable-rest] [           main] o.f.s.b.c.CmmnEngineAutoConfiguration    : No deployment resources were found for autodeployment
2026-08-24T19:31:31.272Z  INFO 1 --- [flowable-rest] [           main] o.f.s.b.dmn.DmnEngineAutoConfiguration   : No deployment resources were found for autodeployment
2026-08-24T19:31:31.326Z  INFO 1 --- [flowable-rest] [           main] o.f.s.b.e.EventRegistryAutoConfiguration : No deployment resources were found for autodeployment
2026-08-24T19:31:31.425Z  INFO 1 --- [flowable-rest] [           main] o.f.s.b.app.AppEngineAutoConfiguration   : No deployment resources were found for autodeployment
2026-08-24T19:31:31.439Z  INFO 1 --- [flowable-rest] [           main] o.f.a.s.SpringAppEngineConfiguration     : Found 5 Engine Configurators in total:
2026-08-24T19:31:31.440Z  INFO 1 --- [flowable-rest] [           main] o.f.a.s.SpringAppEngineConfiguration     : class org.flowable.engine.spring.configurator.SpringProcessEngineConfigurator (priority:50000)
2026-08-24T19:31:31.440Z  INFO 1 --- [flowable-rest] [           main] o.f.a.s.SpringAppEngineConfiguration     : class org.flowable.eventregistry.spring.configurator.SpringEventRegistryConfigurator (priority:100000)
2026-08-24T19:31:31.440Z  INFO 1 --- [flowable-rest] [           main] o.f.a.s.SpringAppEngineConfiguration     : class org.flowable.idm.spring.configurator.SpringIdmEngineConfigurator (priority:150000)
2026-08-24T19:31:31.440Z  INFO 1 --- [flowable-rest] [           main] o.f.a.s.SpringAppEngineConfiguration     : class org.flowable.dmn.spring.configurator.SpringDmnEngineConfigurator (priority:200000)
2026-08-24T19:31:31.440Z  INFO 1 --- [flowable-rest] [           main] o.f.a.s.SpringAppEngineConfiguration     : class org.flowable.cmmn.spring.configurator.SpringCmmnEngineConfigurator (priority:500000)
2026-08-24T19:31:31.440Z  INFO 1 --- [flowable-rest] [           main] o.f.a.s.SpringAppEngineConfiguration     : Executing beforeInit() of class org.flowable.engine.spring.configurator.SpringProcessEngineConfigurator (priority:50000)
2026-08-24T19:31:31.497Z  INFO 1 --- [flowable-rest] [           main] o.f.a.s.SpringAppEngineConfiguration     : Executing beforeInit() of class org.flowable.eventregistry.spring.configurator.SpringEventRegistryConfigurator (priority:100000)
2026-08-24T19:31:31.505Z  INFO 1 --- [flowable-rest] [           main] o.f.a.s.SpringAppEngineConfiguration     : Executing beforeInit() of class org.flowable.idm.spring.configurator.SpringIdmEngineConfigurator (priority:150000)
2026-08-24T19:31:31.512Z  INFO 1 --- [flowable-rest] [           main] o.f.a.s.SpringAppEngineConfiguration     : Executing beforeInit() of class org.flowable.dmn.spring.configurator.SpringDmnEngineConfigurator (priority:200000)
2026-08-24T19:31:31.518Z  INFO 1 --- [flowable-rest] [           main] o.f.a.s.SpringAppEngineConfiguration     : Executing beforeInit() of class org.flowable.cmmn.spring.configurator.SpringCmmnEngineConfigurator (priority:500000)
2026-08-24T19:31:31.589Z  INFO 1 --- [flowable-rest] [           main] com.zaxxer.hikari.HikariDataSource       : flowable-rest - Starting...
2026-08-24T19:31:31.948Z  INFO 1 --- [flowable-rest] [           main] com.zaxxer.hikari.pool.HikariPool        : flowable-rest - Added connection org.postgresql.jdbc.PgConnection@63a72cc6
2026-08-24T19:31:31.950Z  INFO 1 --- [flowable-rest] [           main] com.zaxxer.hikari.HikariDataSource       : flowable-rest - Start completed.
2026-08-24T19:31:35.494Z  INFO 1 --- [flowable-rest] [           main] o.f.a.s.SpringAppEngineConfiguration     : Executing configure() of class org.flowable.engine.spring.configurator.SpringProcessEngineConfigurator (priority:50000)
2026-08-24T19:31:35.726Z  INFO 1 --- [flowable-rest] [           main] o.f.engine.impl.ProcessEngineImpl        : ProcessEngine default created
2026-08-24T19:31:35.729Z  INFO 1 --- [flowable-rest] [           main] o.f.a.s.SpringAppEngineConfiguration     : Executing configure() of class org.flowable.eventregistry.spring.configurator.SpringEventRegistryConfigurator (priority:100000)
2026-08-24T19:31:35.746Z  INFO 1 --- [flowable-rest] [           main] o.f.e.impl.EventRegistryEngineImpl       : EventRegistryEngine default created
2026-08-24T19:31:35.748Z  INFO 1 --- [flowable-rest] [           main] o.f.a.s.SpringAppEngineConfiguration     : Executing configure() of class org.flowable.idm.spring.configurator.SpringIdmEngineConfigurator (priority:150000)
2026-08-24T19:31:35.759Z  INFO 1 --- [flowable-rest] [           main] o.f.idm.engine.impl.IdmEngineImpl        : IdmEngine default created
2026-08-24T19:31:35.760Z  INFO 1 --- [flowable-rest] [           main] o.f.a.s.SpringAppEngineConfiguration     : Executing configure() of class org.flowable.dmn.spring.configurator.SpringDmnEngineConfigurator (priority:200000)
2026-08-24T19:31:35.776Z  INFO 1 --- [flowable-rest] [           main] o.f.dmn.engine.impl.DmnEngineImpl        : DmnEngine default created
2026-08-24T19:31:35.777Z  INFO 1 --- [flowable-rest] [           main] o.f.a.s.SpringAppEngineConfiguration     : Executing configure() of class org.flowable.cmmn.spring.configurator.SpringCmmnEngineConfigurator (priority:500000)
2026-08-24T19:31:35.866Z  INFO 1 --- [flowable-rest] [           main] o.f.cmmn.engine.impl.CmmnEngineImpl      : CmmnEngine default created
2026-08-24T19:31:35.956Z  INFO 1 --- [flowable-rest] [           main] o.f.app.engine.impl.AppEngineImpl        : AppEngine default created
2026-08-24T19:31:36.013Z  INFO 1 --- [flowable-rest] [           main] o.f.e.impl.cmd.ValidateV5EntitiesCmd     : Total of v5 deployments found: 0
2026-08-24T19:31:36.346Z  INFO 1 --- [flowable-rest] [           main] eAuthenticationProviderManagerConfigurer : Global AuthenticationManager configured with AuthenticationProvider bean with name authenticationProvider
2026-08-24T19:31:36.348Z  WARN 1 --- [flowable-rest] [           main] r$InitializeUserDetailsManagerConfigurer : Global AuthenticationManager configured with an AuthenticationProvider bean. UserDetailsService beans will not be used by Spring Security for automatically configuring username/password login. Consider removing the AuthenticationProvider bean. Alternatively, consider using the UserDetailsService in a manually instantiated DaoAuthenticationProvider. If the current configuration is intentional, to turn off this warning, increase the logging level of 'org.springframework.security.config.annotation.authentication.configuration.InitializeUserDetailsBeanManagerConfigurer' to ERROR
2026-08-24T19:31:37.783Z  INFO 1 --- [flowable-rest] [           main] o.s.b.a.e.web.EndpointLinksResolver      : Exposing 13 endpoints beneath base path '/actuator'
2026-08-24T19:31:37.985Z  INFO 1 --- [flowable-rest] [           main] o.f.j.s.i.a.AbstractAsyncExecutor        : Starting up the async job executor [org.flowable.spring.job.service.SpringAsyncExecutor] for engine cmmn
2026-08-24T19:31:38.026Z  INFO 1 --- [flowable-rest] [       Thread-2] o.f.j.s.i.a.AcquireTimerJobsRunnable     : starting to acquire async jobs due for engine cmmn
2026-08-24T19:31:38.027Z  INFO 1 --- [flowable-rest] [       Thread-3] o.f.j.s.i.a.ResetExpiredJobsRunnable     : starting to reset expired jobs for engine cmmn
2026-08-24T19:31:38.025Z  INFO 1 --- [flowable-rest] [       Thread-1] o.f.j.s.i.a.AcquireAsyncJobsDueRunnable  : starting to acquire async jobs due for engine cmmn
2026-08-24T19:31:38.030Z  INFO 1 --- [flowable-rest] [           main] o.f.j.s.i.a.AbstractAsyncExecutor        : Starting up the async job executor [org.flowable.spring.job.service.SpringAsyncExecutor] for engine bpmn
2026-08-24T19:31:38.046Z  INFO 1 --- [flowable-rest] [       Thread-4] o.f.j.s.i.a.AcquireAsyncJobsDueRunnable  : starting to acquire async jobs due for engine bpmn
2026-08-24T19:31:38.047Z  INFO 1 --- [flowable-rest] [       Thread-5] o.f.j.s.i.a.AcquireTimerJobsRunnable     : starting to acquire async jobs due for engine bpmn
2026-08-24T19:31:38.050Z  INFO 1 --- [flowable-rest] [       Thread-6] o.f.j.s.i.a.ResetExpiredJobsRunnable     : starting to reset expired jobs for engine bpmn
2026-08-24T19:31:38.113Z  INFO 1 --- [flowable-rest] [           main] o.s.boot.tomcat.TomcatWebServer          : Tomcat started on port 8080 (http) with context path '/flowable-rest'
2026-08-24T19:31:38.192Z  INFO 1 --- [flowable-rest] [           main] o.f.rest.app.FlowableRestApplication     : Started FlowableRestApplication in 14.416 seconds (process running for 15.283)
2026-08-24T19:31:38.334Z  INFO 1 --- [flowable-rest] [nio-8080-exec-1] o.a.c.c.C.[.[.[/flowable-rest]           : Initializing Spring DispatcherServlet 'Flowable BPMN Rest API'
2026-08-24T19:31:38.335Z  INFO 1 --- [flowable-rest] [nio-8080-exec-1] o.s.web.servlet.DispatcherServlet        : Initializing Servlet 'Flowable BPMN Rest API'
2026-08-24T19:31:38.459Z  INFO 1 --- [flowable-rest] [nio-8080-exec-3] o.a.c.c.C.[.[.[/flowable-rest]           : Initializing Spring DispatcherServlet 'dispatcherServlet'
2026-08-24T19:31:38.459Z  INFO 1 --- [flowable-rest] [nio-8080-exec-3] o.s.web.servlet.DispatcherServlet        : Initializing Servlet 'dispatcherServlet'
2026-08-24T19:31:38.476Z  INFO 1 --- [flowable-rest] [nio-8080-exec-3] o.s.web.servlet.DispatcherServlet        : Completed initialization in 13 ms
2026-08-24T19:31:39.752Z  INFO 1 --- [flowable-rest] [nio-8080-exec-1] o.s.web.servlet.DispatcherServlet        : Completed initialization in 1417 ms
2026-08-24T19:31:47.731Z  INFO 1 --- [flowable-rest] [nio-8080-exec-5] o.a.c.c.C.[.[.[/flowable-rest]           : Initializing Spring DispatcherServlet 'Flowable External Job Rest API'
2026-08-24T19:31:47.732Z  INFO 1 --- [flowable-rest] [nio-8080-exec-5] o.s.web.servlet.DispatcherServlet        : Initializing Servlet 'Flowable External Job Rest API'
2026-08-24T19:31:47.877Z  INFO 1 --- [flowable-rest] [nio-8080-exec-5] o.s.web.servlet.DispatcherServlet        : Completed initialization in 145 ms
2026-08-24T19:34:58.147Z  INFO 1 --- [flowable-rest] [ionShutdownHook] o.s.boot.tomcat.GracefulShutdown         : Commencing graceful shutdown. Waiting for active requests to complete
2026-08-24T19:34:58.159Z  INFO 1 --- [flowable-rest] [tomcat-shutdown] o.s.boot.tomcat.GracefulShutdown         : Graceful shutdown complete
2026-08-24T19:34:58.194Z  INFO 1 --- [flowable-rest] [ionShutdownHook] o.f.j.s.i.a.AbstractAsyncExecutor        : Shutting down the async job executor [org.flowable.spring.job.service.SpringAsyncExecutor] for engine cmmn
2026-08-24T19:34:58.195Z  INFO 1 --- [flowable-rest] [uire-async-jobs] o.f.j.s.i.a.AcquireAsyncJobsDueRunnable  : stopped async job due acquisition for engine cmmn
2026-08-24T19:34:58.196Z  INFO 1 --- [flowable-rest] [et-expired-jobs] o.f.j.s.i.a.ResetExpiredJobsRunnable     : stopped resetting expired jobs for engine cmmn
2026-08-24T19:34:58.196Z  INFO 1 --- [flowable-rest] [uire-timer-jobs] o.f.j.s.i.a.AcquireTimerJobsRunnable     : stopped async job due acquisition for engine cmmn
2026-08-24T19:34:58.211Z  INFO 1 --- [flowable-rest] [ionShutdownHook] o.f.j.s.i.a.AbstractAsyncExecutor        : Shutting down the async job executor [org.flowable.spring.job.service.SpringAsyncExecutor] for engine bpmn
2026-08-24T19:34:58.211Z  INFO 1 --- [flowable-rest] [uire-timer-jobs] o.f.j.s.i.a.AcquireTimerJobsRunnable     : stopped async job due acquisition for engine bpmn
2026-08-24T19:34:58.211Z  INFO 1 --- [flowable-rest] [et-expired-jobs] o.f.j.s.i.a.ResetExpiredJobsRunnable     : stopped resetting expired jobs for engine bpmn
2026-08-24T19:34:58.211Z  INFO 1 --- [flowable-rest] [uire-async-jobs] o.f.j.s.i.a.AcquireAsyncJobsDueRunnable  : stopped async job due acquisition for engine bpmn
2026-08-24T19:34:58.223Z  INFO 1 --- [flowable-rest] [ionShutdownHook] com.zaxxer.hikari.HikariDataSource       : flowable-rest - Shutdown initiated...
2026-08-24T19:34:58.236Z  INFO 1 --- [flowable-rest] [ionShutdownHook] com.zaxxer.hikari.HikariDataSource       : flowable-rest - Shutdown completed.

    //////////          &&&& &&&                                          ,,,         ,,,
  //////////////     &&&&&&& &&&                                          ,,,         ,,,
 ///          ///   &&&      &&&                                          ,,,         ,,,
 ////////     ///   &&&&&&&& &&&   &&&&&&&   &&&   &&&    &&&  ,,,,,,,,,, ,,,,,,,,,   ,,,   ,,,,,,,
 //////   //  ///   &&&&&&&& &&& &&&&   &&&& &&&   &&&    &&& ,,,    ,,,, ,,,,   ,,,, ,,, ,,,    ,,
 ///    ////  ///   &&&      &&& &&&     &&& &&&   &&&    &&& ,,      ,,, ,,,     ,,, ,,, ,,,,,,,,,
 //    /////  ///   &&&      &&& &&&    &&&& &&&   &&&    &&& ,,,    ,,,, ,,,,    ,,, ,,, ,,,
     ///////////    &&&      &&&  &&&&&&&&    &&&&&&&&&&&&&&   ,,,,,,,,,,   ,,,,,,,,  ,,,  ,,,,,,,,

  :: Flowable :: (v8.0.0)    :: Spring Boot ::  (v4.0.2)

2026-08-24T19:35:00.909Z  INFO 1 --- [flowable-rest] [           main] o.f.rest.app.FlowableRestApplication     : Starting FlowableRestApplication using Java 21.0.10 with PID 1 (/app/WEB-INF/classes started by flowable in /)
2026-08-24T19:35:00.915Z  INFO 1 --- [flowable-rest] [           main] o.f.rest.app.FlowableRestApplication     : No active profile set, falling back to 1 default profile: "default"
2026-08-24T19:35:05.973Z  INFO 1 --- [flowable-rest] [           main] o.s.boot.tomcat.TomcatWebServer          : Tomcat initialized with port 8080 (http)
2026-08-24T19:35:06.012Z  INFO 1 --- [flowable-rest] [           main] o.apache.catalina.core.StandardService   : Starting service [Tomcat]
2026-08-24T19:35:06.013Z  INFO 1 --- [flowable-rest] [           main] o.apache.catalina.core.StandardEngine    : Starting Servlet engine: [Apache Tomcat/11.0.15]
2026-08-24T19:35:06.276Z  INFO 1 --- [flowable-rest] [           main] b.w.c.s.WebApplicationContextInitializer : Root WebApplicationContext: initialization completed in 3820 ms
2026-08-24T19:35:07.048Z  INFO 1 --- [flowable-rest] [           main] o.f.s.b.ProcessEngineAutoConfiguration   : No deployment resources were found for autodeployment
2026-08-24T19:35:07.121Z  INFO 1 --- [flowable-rest] [           main] o.f.c.e.i.a.DefaultAsyncTaskExecutor     : Creating thread pool queue of size 100
2026-08-24T19:35:07.124Z  INFO 1 --- [flowable-rest] [           main] o.f.c.e.i.a.DefaultAsyncTaskExecutor     : Creating thread factory with naming pattern flowable-async-task-invoker-%d
2026-08-24T19:35:07.125Z  INFO 1 --- [flowable-rest] [           main] o.f.c.e.i.a.DefaultAsyncTaskExecutor     : Creating executor service with corePoolSize 8, maxPoolSize 8 and keepAliveTime 5000
2026-08-24T19:35:07.406Z  INFO 1 --- [flowable-rest] [           main] o.f.s.b.c.CmmnEngineAutoConfiguration    : No deployment resources were found for autodeployment
2026-08-24T19:35:07.491Z  INFO 1 --- [flowable-rest] [           main] o.f.s.b.dmn.DmnEngineAutoConfiguration   : No deployment resources were found for autodeployment
2026-08-24T19:35:07.541Z  INFO 1 --- [flowable-rest] [           main] o.f.s.b.e.EventRegistryAutoConfiguration : No deployment resources were found for autodeployment
2026-08-24T19:35:07.603Z  INFO 1 --- [flowable-rest] [           main] o.f.s.b.app.AppEngineAutoConfiguration   : No deployment resources were found for autodeployment
2026-08-24T19:35:07.618Z  INFO 1 --- [flowable-rest] [           main] o.f.a.s.SpringAppEngineConfiguration     : Found 5 Engine Configurators in total:
2026-08-24T19:35:07.619Z  INFO 1 --- [flowable-rest] [           main] o.f.a.s.SpringAppEngineConfiguration     : class org.flowable.engine.spring.configurator.SpringProcessEngineConfigurator (priority:50000)
2026-08-24T19:35:07.619Z  INFO 1 --- [flowable-rest] [           main] o.f.a.s.SpringAppEngineConfiguration     : class org.flowable.eventregistry.spring.configurator.SpringEventRegistryConfigurator (priority:100000)
2026-08-24T19:35:07.619Z  INFO 1 --- [flowable-rest] [           main] o.f.a.s.SpringAppEngineConfiguration     : class org.flowable.idm.spring.configurator.SpringIdmEngineConfigurator (priority:150000)
2026-08-24T19:35:07.619Z  INFO 1 --- [flowable-rest] [           main] o.f.a.s.SpringAppEngineConfiguration     : class org.flowable.dmn.spring.configurator.SpringDmnEngineConfigurator (priority:200000)
2026-08-24T19:35:07.619Z  INFO 1 --- [flowable-rest] [           main] o.f.a.s.SpringAppEngineConfiguration     : class org.flowable.cmmn.spring.configurator.SpringCmmnEngineConfigurator (priority:500000)
2026-08-24T19:35:07.619Z  INFO 1 --- [flowable-rest] [           main] o.f.a.s.SpringAppEngineConfiguration     : Executing beforeInit() of class org.flowable.engine.spring.configurator.SpringProcessEngineConfigurator (priority:50000)
2026-08-24T19:35:07.704Z  INFO 1 --- [flowable-rest] [           main] o.f.a.s.SpringAppEngineConfiguration     : Executing beforeInit() of class org.flowable.eventregistry.spring.configurator.SpringEventRegistryConfigurator (priority:100000)
2026-08-24T19:35:07.713Z  INFO 1 --- [flowable-rest] [           main] o.f.a.s.SpringAppEngineConfiguration     : Executing beforeInit() of class org.flowable.idm.spring.configurator.SpringIdmEngineConfigurator (priority:150000)
2026-08-24T19:35:07.718Z  INFO 1 --- [flowable-rest] [           main] o.f.a.s.SpringAppEngineConfiguration     : Executing beforeInit() of class org.flowable.dmn.spring.configurator.SpringDmnEngineConfigurator (priority:200000)
2026-08-24T19:35:07.724Z  INFO 1 --- [flowable-rest] [           main] o.f.a.s.SpringAppEngineConfiguration     : Executing beforeInit() of class org.flowable.cmmn.spring.configurator.SpringCmmnEngineConfigurator (priority:500000)
2026-08-24T19:35:07.790Z  INFO 1 --- [flowable-rest] [           main] com.zaxxer.hikari.HikariDataSource       : flowable-rest - Starting...
2026-08-24T19:35:08.246Z  INFO 1 --- [flowable-rest] [           main] com.zaxxer.hikari.pool.HikariPool        : flowable-rest - Added connection org.postgresql.jdbc.PgConnection@2133b712
2026-08-24T19:35:08.249Z  INFO 1 --- [flowable-rest] [           main] com.zaxxer.hikari.HikariDataSource       : flowable-rest - Start completed.
2026-08-24T19:35:11.703Z  INFO 1 --- [flowable-rest] [           main] o.f.a.s.SpringAppEngineConfiguration     : Executing configure() of class org.flowable.engine.spring.configurator.SpringProcessEngineConfigurator (priority:50000)
2026-08-24T19:35:11.994Z  INFO 1 --- [flowable-rest] [           main] o.f.engine.impl.ProcessEngineImpl        : ProcessEngine default created
2026-08-24T19:35:11.995Z  INFO 1 --- [flowable-rest] [           main] o.f.a.s.SpringAppEngineConfiguration     : Executing configure() of class org.flowable.eventregistry.spring.configurator.SpringEventRegistryConfigurator (priority:100000)
2026-08-24T19:35:12.031Z  INFO 1 --- [flowable-rest] [           main] o.f.e.impl.EventRegistryEngineImpl       : EventRegistryEngine default created
2026-08-24T19:35:12.033Z  INFO 1 --- [flowable-rest] [           main] o.f.a.s.SpringAppEngineConfiguration     : Executing configure() of class org.flowable.idm.spring.configurator.SpringIdmEngineConfigurator (priority:150000)
2026-08-24T19:35:12.043Z  INFO 1 --- [flowable-rest] [           main] o.f.idm.engine.impl.IdmEngineImpl        : IdmEngine default created
2026-08-24T19:35:12.044Z  INFO 1 --- [flowable-rest] [           main] o.f.a.s.SpringAppEngineConfiguration     : Executing configure() of class org.flowable.dmn.spring.configurator.SpringDmnEngineConfigurator (priority:200000)
2026-08-24T19:35:12.090Z  INFO 1 --- [flowable-rest] [           main] o.f.dmn.engine.impl.DmnEngineImpl        : DmnEngine default created
2026-08-24T19:35:12.092Z  INFO 1 --- [flowable-rest] [           main] o.f.a.s.SpringAppEngineConfiguration     : Executing configure() of class org.flowable.cmmn.spring.configurator.SpringCmmnEngineConfigurator (priority:500000)
2026-08-24T19:35:12.184Z  INFO 1 --- [flowable-rest] [           main] o.f.cmmn.engine.impl.CmmnEngineImpl      : CmmnEngine default created
2026-08-24T19:35:12.268Z  INFO 1 --- [flowable-rest] [           main] o.f.app.engine.impl.AppEngineImpl        : AppEngine default created
2026-08-24T19:35:12.323Z  INFO 1 --- [flowable-rest] [           main] o.f.e.impl.cmd.ValidateV5EntitiesCmd     : Total of v5 deployments found: 0
2026-08-24T19:35:12.611Z  INFO 1 --- [flowable-rest] [           main] eAuthenticationProviderManagerConfigurer : Global AuthenticationManager configured with AuthenticationProvider bean with name authenticationProvider
2026-08-24T19:35:12.613Z  WARN 1 --- [flowable-rest] [           main] r$InitializeUserDetailsManagerConfigurer : Global AuthenticationManager configured with an AuthenticationProvider bean. UserDetailsService beans will not be used by Spring Security for automatically configuring username/password login. Consider removing the AuthenticationProvider bean. Alternatively, consider using the UserDetailsService in a manually instantiated DaoAuthenticationProvider. If the current configuration is intentional, to turn off this warning, increase the logging level of 'org.springframework.security.config.annotation.authentication.configuration.InitializeUserDetailsBeanManagerConfigurer' to ERROR
2026-08-24T19:35:14.279Z  INFO 1 --- [flowable-rest] [           main] o.s.b.a.e.web.EndpointLinksResolver      : Exposing 13 endpoints beneath base path '/actuator'
2026-08-24T19:35:14.527Z  INFO 1 --- [flowable-rest] [           main] o.f.j.s.i.a.AbstractAsyncExecutor        : Starting up the async job executor [org.flowable.spring.job.service.SpringAsyncExecutor] for engine cmmn
2026-08-24T19:35:14.576Z  INFO 1 --- [flowable-rest] [       Thread-1] o.f.j.s.i.a.AcquireAsyncJobsDueRunnable  : starting to acquire async jobs due for engine cmmn
2026-08-24T19:35:14.578Z  INFO 1 --- [flowable-rest] [       Thread-2] o.f.j.s.i.a.AcquireTimerJobsRunnable     : starting to acquire async jobs due for engine cmmn
2026-08-24T19:35:14.579Z  INFO 1 --- [flowable-rest] [           main] o.f.j.s.i.a.AbstractAsyncExecutor        : Starting up the async job executor [org.flowable.spring.job.service.SpringAsyncExecutor] for engine bpmn
2026-08-24T19:35:14.580Z  INFO 1 --- [flowable-rest] [       Thread-3] o.f.j.s.i.a.ResetExpiredJobsRunnable     : starting to reset expired jobs for engine cmmn
2026-08-24T19:35:14.605Z  INFO 1 --- [flowable-rest] [       Thread-4] o.f.j.s.i.a.AcquireAsyncJobsDueRunnable  : starting to acquire async jobs due for engine bpmn
2026-08-24T19:35:14.605Z  INFO 1 --- [flowable-rest] [       Thread-5] o.f.j.s.i.a.AcquireTimerJobsRunnable     : starting to acquire async jobs due for engine bpmn
2026-08-24T19:35:14.606Z  INFO 1 --- [flowable-rest] [       Thread-6] o.f.j.s.i.a.ResetExpiredJobsRunnable     : starting to reset expired jobs for engine bpmn
2026-08-24T19:35:14.663Z  INFO 1 --- [flowable-rest] [           main] o.s.boot.tomcat.TomcatWebServer          : Tomcat started on port 8080 (http) with context path '/flowable-rest'
2026-08-24T19:35:14.689Z  INFO 1 --- [flowable-rest] [           main] o.f.rest.app.FlowableRestApplication     : Started FlowableRestApplication in 14.788 seconds (process running for 15.797)
2026-08-24T19:35:15.959Z  INFO 1 --- [flowable-rest] [nio-8080-exec-1] o.a.c.c.C.[.[.[/flowable-rest]           : Initializing Spring DispatcherServlet 'Flowable BPMN Rest API'
2026-08-24T19:35:15.959Z  INFO 1 --- [flowable-rest] [nio-8080-exec-1] o.s.web.servlet.DispatcherServlet        : Initializing Servlet 'Flowable BPMN Rest API'
2026-08-24T19:35:16.973Z  INFO 1 --- [flowable-rest] [nio-8080-exec-1] o.s.web.servlet.DispatcherServlet        : Completed initialization in 1014 ms
2026-08-24T19:35:19.394Z  INFO 1 --- [flowable-rest] [nio-8080-exec-5] o.a.c.c.C.[.[.[/flowable-rest]           : Initializing Spring DispatcherServlet 'dispatcherServlet'
2026-08-24T19:35:19.395Z  INFO 1 --- [flowable-rest] [nio-8080-exec-5] o.s.web.servlet.DispatcherServlet        : Initializing Servlet 'dispatcherServlet'
2026-08-24T19:35:19.399Z  INFO 1 --- [flowable-rest] [nio-8080-exec-5] o.s.web.servlet.DispatcherServlet        : Completed initialization in 4 ms
2026-08-24T19:35:50.123Z  INFO 1 --- [flowable-rest] [io-8080-exec-10] o.a.c.c.C.[.[.[/flowable-rest]           : Initializing Spring DispatcherServlet 'Flowable External Job Rest API'
2026-08-24T19:35:50.124Z  INFO 1 --- [flowable-rest] [io-8080-exec-10] o.s.web.servlet.DispatcherServlet        : Initializing Servlet 'Flowable External Job Rest API'
2026-08-24T19:35:50.297Z  INFO 1 --- [flowable-rest] [io-8080-exec-10] o.s.web.servlet.DispatcherServlet        : Completed initialization in 173 ms
2026-08-24T19:35:54.214Z  INFO 1 --- [flowable-rest] [ionShutdownHook] o.s.boot.tomcat.GracefulShutdown         : Commencing graceful shutdown. Waiting for active requests to complete
2026-08-24T19:35:54.222Z  INFO 1 --- [flowable-rest] [tomcat-shutdown] o.s.boot.tomcat.GracefulShutdown         : Graceful shutdown complete
2026-08-24T19:35:54.244Z  INFO 1 --- [flowable-rest] [ionShutdownHook] o.f.j.s.i.a.AbstractAsyncExecutor        : Shutting down the async job executor [org.flowable.spring.job.service.SpringAsyncExecutor] for engine cmmn
2026-08-24T19:35:54.245Z  INFO 1 --- [flowable-rest] [et-expired-jobs] o.f.j.s.i.a.ResetExpiredJobsRunnable     : stopped resetting expired jobs for engine cmmn
2026-08-24T19:35:54.245Z  INFO 1 --- [flowable-rest] [uire-async-jobs] o.f.j.s.i.a.AcquireAsyncJobsDueRunnable  : stopped async job due acquisition for engine cmmn
2026-08-24T19:35:54.250Z  INFO 1 --- [flowable-rest] [uire-timer-jobs] o.f.j.s.i.a.AcquireTimerJobsRunnable     : stopped async job due acquisition for engine cmmn
2026-08-24T19:35:54.264Z  INFO 1 --- [flowable-rest] [ionShutdownHook] o.f.j.s.i.a.AbstractAsyncExecutor        : Shutting down the async job executor [org.flowable.spring.job.service.SpringAsyncExecutor] for engine bpmn
2026-08-24T19:35:54.265Z  INFO 1 --- [flowable-rest] [uire-timer-jobs] o.f.j.s.i.a.AcquireTimerJobsRunnable     : stopped async job due acquisition for engine bpmn
2026-08-24T19:35:54.265Z  INFO 1 --- [flowable-rest] [et-expired-jobs] o.f.j.s.i.a.ResetExpiredJobsRunnable     : stopped resetting expired jobs for engine bpmn
2026-08-24T19:35:54.266Z  INFO 1 --- [flowable-rest] [uire-async-jobs] o.f.j.s.i.a.AcquireAsyncJobsDueRunnable  : stopped async job due acquisition for engine bpmn
2026-08-24T19:35:54.285Z  INFO 1 --- [flowable-rest] [ionShutdownHook] com.zaxxer.hikari.HikariDataSource       : flowable-rest - Shutdown initiated...
2026-08-24T19:35:54.295Z  INFO 1 --- [flowable-rest] [ionShutdownHook] com.zaxxer.hikari.HikariDataSource       : flowable-rest - Shutdown completed.

    //////////          &&&& &&&                                          ,,,         ,,,
  //////////////     &&&&&&& &&&                                          ,,,         ,,,
 ///          ///   &&&      &&&                                          ,,,         ,,,
 ////////     ///   &&&&&&&& &&&   &&&&&&&   &&&   &&&    &&&  ,,,,,,,,,, ,,,,,,,,,   ,,,   ,,,,,,,
 //////   //  ///   &&&&&&&& &&& &&&&   &&&& &&&   &&&    &&& ,,,    ,,,, ,,,,   ,,,, ,,, ,,,    ,,
 ///    ////  ///   &&&      &&& &&&     &&& &&&   &&&    &&& ,,      ,,, ,,,     ,,, ,,, ,,,,,,,,,
 //    /////  ///   &&&      &&& &&&    &&&& &&&   &&&    &&& ,,,    ,,,, ,,,,    ,,, ,,, ,,,
     ///////////    &&&      &&&  &&&&&&&&    &&&&&&&&&&&&&&   ,,,,,,,,,,   ,,,,,,,,  ,,,  ,,,,,,,,

  :: Flowable :: (v8.0.0)    :: Spring Boot ::  (v4.0.2)

2026-08-24T19:35:56.935Z  INFO 1 --- [flowable-rest] [           main] o.f.rest.app.FlowableRestApplication     : Starting FlowableRestApplication using Java 21.0.10 with PID 1 (/app/WEB-INF/classes started by flowable in /)
2026-08-24T19:35:56.946Z  INFO 1 --- [flowable-rest] [           main] o.f.rest.app.FlowableRestApplication     : No active profile set, falling back to 1 default profile: "default"
2026-08-24T19:36:01.898Z  INFO 1 --- [flowable-rest] [           main] o.s.boot.tomcat.TomcatWebServer          : Tomcat initialized with port 8080 (http)
2026-08-24T19:36:01.926Z  INFO 1 --- [flowable-rest] [           main] o.apache.catalina.core.StandardService   : Starting service [Tomcat]
2026-08-24T19:36:01.927Z  INFO 1 --- [flowable-rest] [           main] o.apache.catalina.core.StandardEngine    : Starting Servlet engine: [Apache Tomcat/11.0.15]
2026-08-24T19:36:02.210Z  INFO 1 --- [flowable-rest] [           main] b.w.c.s.WebApplicationContextInitializer : Root WebApplicationContext: initialization completed in 4000 ms
2026-08-24T19:36:03.107Z  INFO 1 --- [flowable-rest] [           main] o.f.s.b.ProcessEngineAutoConfiguration   : No deployment resources were found for autodeployment
2026-08-24T19:36:03.170Z  INFO 1 --- [flowable-rest] [           main] o.f.c.e.i.a.DefaultAsyncTaskExecutor     : Creating thread pool queue of size 100
2026-08-24T19:36:03.174Z  INFO 1 --- [flowable-rest] [           main] o.f.c.e.i.a.DefaultAsyncTaskExecutor     : Creating thread factory with naming pattern flowable-async-task-invoker-%d
2026-08-24T19:36:03.176Z  INFO 1 --- [flowable-rest] [           main] o.f.c.e.i.a.DefaultAsyncTaskExecutor     : Creating executor service with corePoolSize 8, maxPoolSize 8 and keepAliveTime 5000
2026-08-24T19:36:03.524Z  INFO 1 --- [flowable-rest] [           main] o.f.s.b.c.CmmnEngineAutoConfiguration    : No deployment resources were found for autodeployment
2026-08-24T19:36:03.598Z  INFO 1 --- [flowable-rest] [           main] o.f.s.b.dmn.DmnEngineAutoConfiguration   : No deployment resources were found for autodeployment
2026-08-24T19:36:03.654Z  INFO 1 --- [flowable-rest] [           main] o.f.s.b.e.EventRegistryAutoConfiguration : No deployment resources were found for autodeployment
2026-08-24T19:36:03.728Z  INFO 1 --- [flowable-rest] [           main] o.f.s.b.app.AppEngineAutoConfiguration   : No deployment resources were found for autodeployment
2026-08-24T19:36:03.749Z  INFO 1 --- [flowable-rest] [           main] o.f.a.s.SpringAppEngineConfiguration     : Found 5 Engine Configurators in total:
2026-08-24T19:36:03.750Z  INFO 1 --- [flowable-rest] [           main] o.f.a.s.SpringAppEngineConfiguration     : class org.flowable.engine.spring.configurator.SpringProcessEngineConfigurator (priority:50000)
2026-08-24T19:36:03.751Z  INFO 1 --- [flowable-rest] [           main] o.f.a.s.SpringAppEngineConfiguration     : class org.flowable.eventregistry.spring.configurator.SpringEventRegistryConfigurator (priority:100000)
2026-08-24T19:36:03.751Z  INFO 1 --- [flowable-rest] [           main] o.f.a.s.SpringAppEngineConfiguration     : class org.flowable.idm.spring.configurator.SpringIdmEngineConfigurator (priority:150000)
2026-08-24T19:36:03.752Z  INFO 1 --- [flowable-rest] [           main] o.f.a.s.SpringAppEngineConfiguration     : class org.flowable.dmn.spring.configurator.SpringDmnEngineConfigurator (priority:200000)
2026-08-24T19:36:03.753Z  INFO 1 --- [flowable-rest] [           main] o.f.a.s.SpringAppEngineConfiguration     : class org.flowable.cmmn.spring.configurator.SpringCmmnEngineConfigurator (priority:500000)
2026-08-24T19:36:03.753Z  INFO 1 --- [flowable-rest] [           main] o.f.a.s.SpringAppEngineConfiguration     : Executing beforeInit() of class org.flowable.engine.spring.configurator.SpringProcessEngineConfigurator (priority:50000)
2026-08-24T19:36:03.821Z  INFO 1 --- [flowable-rest] [           main] o.f.a.s.SpringAppEngineConfiguration     : Executing beforeInit() of class org.flowable.eventregistry.spring.configurator.SpringEventRegistryConfigurator (priority:100000)
2026-08-24T19:36:03.850Z  INFO 1 --- [flowable-rest] [           main] o.f.a.s.SpringAppEngineConfiguration     : Executing beforeInit() of class org.flowable.idm.spring.configurator.SpringIdmEngineConfigurator (priority:150000)
2026-08-24T19:36:03.862Z  INFO 1 --- [flowable-rest] [           main] o.f.a.s.SpringAppEngineConfiguration     : Executing beforeInit() of class org.flowable.dmn.spring.configurator.SpringDmnEngineConfigurator (priority:200000)
2026-08-24T19:36:03.875Z  INFO 1 --- [flowable-rest] [           main] o.f.a.s.SpringAppEngineConfiguration     : Executing beforeInit() of class org.flowable.cmmn.spring.configurator.SpringCmmnEngineConfigurator (priority:500000)
2026-08-24T19:36:03.945Z  INFO 1 --- [flowable-rest] [           main] com.zaxxer.hikari.HikariDataSource       : flowable-rest - Starting...
2026-08-24T19:36:04.366Z  INFO 1 --- [flowable-rest] [           main] com.zaxxer.hikari.pool.HikariPool        : flowable-rest - Added connection org.postgresql.jdbc.PgConnection@61bd0845
2026-08-24T19:36:04.369Z  INFO 1 --- [flowable-rest] [           main] com.zaxxer.hikari.HikariDataSource       : flowable-rest - Start completed.
2026-08-24T19:36:07.833Z  INFO 1 --- [flowable-rest] [           main] o.f.a.s.SpringAppEngineConfiguration     : Executing configure() of class org.flowable.engine.spring.configurator.SpringProcessEngineConfigurator (priority:50000)
2026-08-24T19:36:08.091Z  INFO 1 --- [flowable-rest] [           main] o.f.engine.impl.ProcessEngineImpl        : ProcessEngine default created
2026-08-24T19:36:08.092Z  INFO 1 --- [flowable-rest] [           main] o.f.a.s.SpringAppEngineConfiguration     : Executing configure() of class org.flowable.eventregistry.spring.configurator.SpringEventRegistryConfigurator (priority:100000)
2026-08-24T19:36:08.110Z  INFO 1 --- [flowable-rest] [           main] o.f.e.impl.EventRegistryEngineImpl       : EventRegistryEngine default created
2026-08-24T19:36:08.112Z  INFO 1 --- [flowable-rest] [           main] o.f.a.s.SpringAppEngineConfiguration     : Executing configure() of class org.flowable.idm.spring.configurator.SpringIdmEngineConfigurator (priority:150000)
2026-08-24T19:36:08.123Z  INFO 1 --- [flowable-rest] [           main] o.f.idm.engine.impl.IdmEngineImpl        : IdmEngine default created
2026-08-24T19:36:08.125Z  INFO 1 --- [flowable-rest] [           main] o.f.a.s.SpringAppEngineConfiguration     : Executing configure() of class org.flowable.dmn.spring.configurator.SpringDmnEngineConfigurator (priority:200000)
2026-08-24T19:36:08.143Z  INFO 1 --- [flowable-rest] [           main] o.f.dmn.engine.impl.DmnEngineImpl        : DmnEngine default created
2026-08-24T19:36:08.144Z  INFO 1 --- [flowable-rest] [           main] o.f.a.s.SpringAppEngineConfiguration     : Executing configure() of class org.flowable.cmmn.spring.configurator.SpringCmmnEngineConfigurator (priority:500000)
2026-08-24T19:36:08.236Z  INFO 1 --- [flowable-rest] [           main] o.f.cmmn.engine.impl.CmmnEngineImpl      : CmmnEngine default created
2026-08-24T19:36:08.328Z  INFO 1 --- [flowable-rest] [           main] o.f.app.engine.impl.AppEngineImpl        : AppEngine default created
2026-08-24T19:36:08.386Z  INFO 1 --- [flowable-rest] [           main] o.f.e.impl.cmd.ValidateV5EntitiesCmd     : Total of v5 deployments found: 0
2026-08-24T19:36:08.689Z  INFO 1 --- [flowable-rest] [           main] eAuthenticationProviderManagerConfigurer : Global AuthenticationManager configured with AuthenticationProvider bean with name authenticationProvider
2026-08-24T19:36:08.690Z  WARN 1 --- [flowable-rest] [           main] r$InitializeUserDetailsManagerConfigurer : Global AuthenticationManager configured with an AuthenticationProvider bean. UserDetailsService beans will not be used by Spring Security for automatically configuring username/password login. Consider removing the AuthenticationProvider bean. Alternatively, consider using the UserDetailsService in a manually instantiated DaoAuthenticationProvider. If the current configuration is intentional, to turn off this warning, increase the logging level of 'org.springframework.security.config.annotation.authentication.configuration.InitializeUserDetailsBeanManagerConfigurer' to ERROR
2026-08-24T19:36:10.103Z  INFO 1 --- [flowable-rest] [           main] o.s.b.a.e.web.EndpointLinksResolver      : Exposing 13 endpoints beneath base path '/actuator'
2026-08-24T19:36:10.332Z  INFO 1 --- [flowable-rest] [           main] o.f.j.s.i.a.AbstractAsyncExecutor        : Starting up the async job executor [org.flowable.spring.job.service.SpringAsyncExecutor] for engine cmmn
2026-08-24T19:36:10.366Z  INFO 1 --- [flowable-rest] [       Thread-1] o.f.j.s.i.a.AcquireAsyncJobsDueRunnable  : starting to acquire async jobs due for engine cmmn
2026-08-24T19:36:10.368Z  INFO 1 --- [flowable-rest] [       Thread-2] o.f.j.s.i.a.AcquireTimerJobsRunnable     : starting to acquire async jobs due for engine cmmn
2026-08-24T19:36:10.369Z  INFO 1 --- [flowable-rest] [           main] o.f.j.s.i.a.AbstractAsyncExecutor        : Starting up the async job executor [org.flowable.spring.job.service.SpringAsyncExecutor] for engine bpmn
2026-08-24T19:36:10.371Z  INFO 1 --- [flowable-rest] [       Thread-3] o.f.j.s.i.a.ResetExpiredJobsRunnable     : starting to reset expired jobs for engine cmmn
2026-08-24T19:36:10.384Z  INFO 1 --- [flowable-rest] [       Thread-4] o.f.j.s.i.a.AcquireAsyncJobsDueRunnable  : starting to acquire async jobs due for engine bpmn
2026-08-24T19:36:10.384Z  INFO 1 --- [flowable-rest] [       Thread-5] o.f.j.s.i.a.AcquireTimerJobsRunnable     : starting to acquire async jobs due for engine bpmn
2026-08-24T19:36:10.384Z  INFO 1 --- [flowable-rest] [       Thread-6] o.f.j.s.i.a.ResetExpiredJobsRunnable     : starting to reset expired jobs for engine bpmn
2026-08-24T19:36:10.461Z  INFO 1 --- [flowable-rest] [           main] o.s.boot.tomcat.TomcatWebServer          : Tomcat started on port 8080 (http) with context path '/flowable-rest'
2026-08-24T19:36:10.512Z  INFO 1 --- [flowable-rest] [           main] o.f.rest.app.FlowableRestApplication     : Started FlowableRestApplication in 14.894 seconds (process running for 15.663)
2026-08-24T19:36:12.496Z  INFO 1 --- [flowable-rest] [nio-8080-exec-1] o.a.c.c.C.[.[.[/flowable-rest]           : Initializing Spring DispatcherServlet 'Flowable BPMN Rest API'
2026-08-24T19:36:12.497Z  INFO 1 --- [flowable-rest] [nio-8080-exec-1] o.s.web.servlet.DispatcherServlet        : Initializing Servlet 'Flowable BPMN Rest API'
2026-08-24T19:36:13.483Z  INFO 1 --- [flowable-rest] [nio-8080-exec-1] o.s.web.servlet.DispatcherServlet        : Completed initialization in 985 ms
2026-08-24T19:36:15.333Z  INFO 1 --- [flowable-rest] [nio-8080-exec-9] o.a.c.c.C.[.[.[/flowable-rest]           : Initializing Spring DispatcherServlet 'dispatcherServlet'
2026-08-24T19:36:15.334Z  INFO 1 --- [flowable-rest] [nio-8080-exec-9] o.s.web.servlet.DispatcherServlet        : Initializing Servlet 'dispatcherServlet'
2026-08-24T19:36:15.343Z  INFO 1 --- [flowable-rest] [nio-8080-exec-9] o.s.web.servlet.DispatcherServlet        : Completed initialization in 9 ms
